Archive member included to satisfy reference by file (symbol)

/home/arduino/ArduinoApps/weather-unoq-coding-challenge/.cache/sketch/core/core.a(abi.cpp.o)
                              /home/arduino/ArduinoApps/weather-unoq-coding-challenge/.cache/sketch/sketch/sketch.ino.cpp.o (std::__throw_length_error(char const*))
/home/arduino/ArduinoApps/weather-unoq-coding-challenge/.cache/sketch/core/core.a(Stream.cpp.o)
                              /home/arduino/ArduinoApps/weather-unoq-coding-challenge/.cache/sketch/sketch/sketch.ino.cpp.o (arduino::Stream::setTimeout(unsigned long))
/home/arduino/ArduinoApps/weather-unoq-coding-challenge/.cache/sketch/core/core.a(String.cpp.o)
                              /home/arduino/ArduinoApps/weather-unoq-coding-challenge/.cache/sketch/sketch/sketch.ino.cpp.o (arduino::String::String(arduino::String&&))
/home/arduino/ArduinoApps/weather-unoq-coding-challenge/.cache/sketch/core/core.a(itoa.cpp.o)
                              /home/arduino/ArduinoApps/weather-unoq-coding-challenge/.cache/sketch/core/core.a(String.cpp.o) (dtostrf)
/home/arduino/ArduinoApps/weather-unoq-coding-challenge/.cache/sketch/core/core.a(main.cpp.o)
                              (main)
/home/arduino/ArduinoApps/weather-unoq-coding-challenge/.cache/sketch/core/core.a(new.cpp.o)
                              /home/arduino/ArduinoApps/weather-unoq-coding-challenge/.cache/sketch/sketch/sketch.ino.cpp.o (operator new(unsigned int))
/home/arduino/ArduinoApps/weather-unoq-coding-challenge/.cache/sketch/core/core.a(threads.cpp.o)
                              /home/arduino/ArduinoApps/weather-unoq-coding-challenge/.cache/sketch/core/core.a(main.cpp.o) (start_static_threads())
/home/arduino/ArduinoApps/weather-unoq-coding-challenge/.cache/sketch/core/core.a(zephyrCommon.cpp.o)
                              /home/arduino/ArduinoApps/weather-unoq-coding-challenge/.cache/sketch/sketch/sketch.ino.cpp.o (delay)
/home/arduino/ArduinoApps/weather-unoq-coding-challenge/.cache/sketch/core/core.a(zephyrSerial.cpp.o)
                              /home/arduino/ArduinoApps/weather-unoq-coding-challenge/.cache/sketch/sketch/sketch.ino.cpp.o (Serial1)
/home/arduino/ArduinoApps/weather-unoq-coding-challenge/.cache/sketch/core/core.a(Common.cpp.o)
                              /home/arduino/ArduinoApps/weather-unoq-coding-challenge/.cache/sketch/core/core.a(zephyrCommon.cpp.o) (map(long, long, long, long, long))

Discarded input sections

 .group         0x0000000000000000        0x8 /home/arduino/ArduinoApps/weather-unoq-coding-challenge/.cache/sketch/sketch/sketch.ino.cpp.o
 .group         0x0000000000000000        0x8 /home/arduino/ArduinoApps/weather-unoq-coding-challenge/.cache/sketch/sketch/sketch.ino.cpp.o
 .group         0x0000000000000000        0x8 /home/arduino/ArduinoApps/weather-unoq-coding-challenge/.cache/sketch/sketch/sketch.ino.cpp.o
 .group         0x0000000000000000        0x8 /home/arduino/ArduinoApps/weather-unoq-coding-challenge/.cache/sketch/sketch/sketch.ino.cpp.o
 .group         0x0000000000000000       0x10 /home/arduino/ArduinoApps/weather-unoq-coding-challenge/.cache/sketch/sketch/sketch.ino.cpp.o
 .group         0x0000000000000000        0x8 /home/arduino/ArduinoApps/weather-unoq-coding-challenge/.cache/sketch/sketch/sketch.ino.cpp.o
 .group         0x0000000000000000       0x24 /home/arduino/ArduinoApps/weather-unoq-coding-challenge/.cache/sketch/sketch/sketch.ino.cpp.o
 .group         0x0000000000000000        0xc /home/arduino/ArduinoApps/weather-unoq-coding-challenge/.cache/sketch/sketch/sketch.ino.cpp.o
 .group         0x0000000000000000        0xc /home/arduino/ArduinoApps/weather-unoq-coding-challenge/.cache/sketch/sketch/sketch.ino.cpp.o
 .group         0x0000000000000000        0xc /home/arduino/ArduinoApps/weather-unoq-coding-challenge/.cache/sketch/sketch/sketch.ino.cpp.o
 .group         0x0000000000000000        0xc /home/arduino/ArduinoApps/weather-unoq-coding-challenge/.cache/sketch/sketch/sketch.ino.cpp.o
 .group         0x0000000000000000        0xc /home/arduino/ArduinoApps/weather-unoq-coding-challenge/.cache/sketch/sketch/sketch.ino.cpp.o
 .group         0x0000000000000000        0x8 /home/arduino/ArduinoApps/weather-unoq-coding-challenge/.cache/sketch/sketch/sketch.ino.cpp.o
 .group         0x0000000000000000        0x8 /home/arduino/ArduinoApps/weather-unoq-coding-challenge/.cache/sketch/sketch/sketch.ino.cpp.o
 .group         0x0000000000000000        0x8 /home/arduino/ArduinoApps/weather-unoq-coding-challenge/.cache/sketch/sketch/sketch.ino.cpp.o
 .group         0x0000000000000000        0xc /home/arduino/ArduinoApps/weather-unoq-coding-challenge/.cache/sketch/sketch/sketch.ino.cpp.o
 .group         0x0000000000000000        0x8 /home/arduino/ArduinoApps/weather-unoq-coding-challenge/.cache/sketch/sketch/sketch.ino.cpp.o
 .group         0x0000000000000000        0xc /home/arduino/ArduinoApps/weather-unoq-coding-challenge/.cache/sketch/sketch/sketch.ino.cpp.o
[...]
Memory Configuration

Name             Origin             Length             Attributes
*default*        0x0000000000000000 0xffffffffffffffff

Linker script and memory map

LOAD /home/arduino/.arduino15/packages/zephyr/tools/arm-zephyr-eabi/0.16.8/bin/../lib/gcc/../../picolibc/arm-zephyr-eabi/lib/thumb/v8-m.main+fp/hard/libstdc++.a
LOAD /home/arduino/.arduino15/packages/zephyr/tools/arm-zephyr-eabi/0.16.8/bin/../lib/gcc/../../picolibc/arm-zephyr-eabi/lib/thumb/v8-m.main+fp/hard/libsupc++.a
LOAD /home/arduino/.arduino15/packages/zephyr/tools/arm-zephyr-eabi/0.16.8/bin/../lib/gcc/arm-zephyr-eabi/12.2.0/../../../../arm-zephyr-eabi/lib/thumb/v8-m.main+fp/hard/libnosys.a
LOAD /home/arduino/ArduinoApps/weather-unoq-coding-challenge/.cache/sketch/sketch/sketch.ino.cpp.o
LOAD /home/arduino/ArduinoApps/weather-unoq-coding-challenge/.cache/sketch/core/analogReference.cpp.o
START GROUP
LOAD /home/arduino/ArduinoApps/weather-unoq-coding-challenge/.cache/sketch/core/core.a
LOAD /home/arduino/.arduino15/packages/zephyr/tools/arm-zephyr-eabi/0.16.8/bin/../lib/gcc/../../picolibc/arm-zephyr-eabi/lib/thumb/v8-m.main+fp/hard/libstdc++.a
LOAD /home/arduino/.arduino15/packages/zephyr/tools/arm-zephyr-eabi/0.16.8/bin/../lib/gcc/../../picolibc/arm-zephyr-eabi/lib/thumb/v8-m.main+fp/hard/libsupc++.a
END GROUP

/DISCARD/
 *(.ARM.attributes)
 *(.ARM.attributes.*)
 *(.ARM.exidx)
 *(.ARM.exidx.*)
 *(.ARM.extidx)
 *(.ARM.extidx.*)
 *(.ARM.extab)
 *(.ARM.extab.*)
 *(.comment)
 *(.comment.*)
 *(.llvmbc)
 *(.llvmcmd)
 *(.eh_frame)
 *stdexcept.o()
 *eh_*.o()
 *cow-stdexcept.o()
 *functexcept.o()
 *cow-string-inst.o()

.text           0x0000000000000000     0x4524
 *(.text)
 *(.stub)
 *(.text*)
 .text._ZN7arduino5Print17availableForWriteEv
                0x0000000000000000        0x4 /home/arduino/ArduinoApps/weather-unoq-coding-challenge/.cache/sketch/sketch/sketch.ino.cpp.o
                0x0000000000000000                arduino::Print::availableForWrite()
 .text._ZN7arduino5Print5flushEv
                0x0000000000000004        0x2 /home/arduino/ArduinoApps/weather-unoq-coding-challenge/.cache/sketch/sketch/sketch.ino.cpp.o
                0x0000000000000004                arduino::Print::flush()
 .text._ZN15SerialTransport9availableEv
                0x0000000000000006       0x12 /home/arduino/ArduinoApps/weather-unoq-coding-challenge/.cache/sketch/sketch/sketch.ino.cpp.o
                0x0000000000000006                SerialTransport::available()
 .text._ZN15SerialTransport5writeEPKhj
                0x0000000000000018       0x10 /home/arduino/ArduinoApps/weather-unoq-coding-challenge/.cache/sketch/sketch/sketch.ino.cpp.o
                0x0000000000000018                SerialTransport::write(unsigned char const*, unsigned int)
 .text._ZN15SerialTransportD2Ev
                0x0000000000000028        0x2 /home/arduino/ArduinoApps/weather-unoq-coding-challenge/.cache/sketch/sketch/sketch.ino.cpp.o
                0x0000000000000028                SerialTransport::~SerialTransport()
                0x0000000000000028                SerialTransport::~SerialTransport()
 .text._ZN13BridgeMonitorILj512EE5writeEh
                0x000000000000002a       0x18 /home/arduino/ArduinoApps/weather-unoq-coding-challenge/.cache/sketch/sketch/sketch.ino.cpp.o
                0x000000000000002a                BridgeMonitor<512u>::write(unsigned char)
 *fill*         0x0000000000000042        0x2 
 .text.k_yield  0x0000000000000044        0x8 /home/arduino/ArduinoApps/weather-unoq-coding-challenge/.cache/sketch/sketch/sketch.ino.cpp.o
 .text.__tcf_1  0x000000000000004c       0x10 /home/arduino/ArduinoApps/weather-unoq-coding-challenge/.cache/sketch/sketch/sketch.ino.cpp.o
 .text._ZN15SerialTransportD0Ev
                0x000000000000005c       0x14 /home/arduino/ArduinoApps/weather-unoq-coding-challenge/.cache/sketch/sketch/sketch.ino.cpp.o
                0x000000000000005c                SerialTransport::~SerialTransport()
 .text._ZN15SerialTransport4readEPhj
                0x0000000000000070       0x28 /home/arduino/ArduinoApps/weather-unoq-coding-challenge/.cache/sketch/sketch/sketch.ino.cpp.o
                0x0000000000000070                SerialTransport::read(unsigned char*, unsigned int)
 .text._ZN15SerialTransport9read_byteERh
                0x0000000000000098       0x20 /home/arduino/ArduinoApps/weather-unoq-coding-challenge/.cache/sketch/sketch/sketch.ino.cpp.o
                0x0000000000000098                SerialTransport::read_byte(unsigned char&)
 .text.k_mutex_lock
                0x00000000000000b8        0x8 /home/arduino/ArduinoApps/weather-unoq-coding-challenge/.cache/sketch/sketch/sketch.ino.cpp.o
 .text._ZSt14__relocate_a_1IhhENSt9enable_ifIXsrSt24__is_bitwise_relocatableIT_vE5valueEPS2_E4typeES4_S4_S4_RSaIT0_E.isra.0
                0x00000000000000c0       0x20 /home/arduino/ArduinoApps/weather-unoq-coding-challenge/.cache/sketch/sketch/sketch.ino.cpp.o
 .text._ZNSt12_Vector_baseIhSaIhEE11_M_allocateEj.isra.0
                0x00000000000000e0       0x20 /home/arduino/ArduinoApps/weather-unoq-coding-challenge/.cache/sketch/sketch/sketch.ino.cpp.o
 .text.k_mutex_unlock.isra.0
                0x0000000000000100        0x8 /home/arduino/ArduinoApps/weather-unoq-coding-challenge/.cache/sketch/sketch/sketch.ino.cpp.o
 .text._ZN13BridgeMonitorILj512EE4readEv
                0x0000000000000108       0x64 /home/arduino/ArduinoApps/weather-unoq-coding-challenge/.cache/sketch/sketch/sketch.ino.cpp.o
                0x0000000000000108                BridgeMonitor<512u>::read()
 .text._ZN13BridgeMonitorILj512EE4peekEv
                0x000000000000016c       0x44 /home/arduino/ArduinoApps/weather-unoq-coding-challenge/.cache/sketch/sketch/sketch.ino.cpp.o
                0x000000000000016c                BridgeMonitor<512u>::peek()
 .text.k_msleep.constprop.0.isra.0
                0x00000000000001b0        0xc /home/arduino/ArduinoApps/weather-unoq-coding-challenge/.cache/sketch/sketch/sketch.ino.cpp.o
 .text._ZN18Arduino_LED_Matrix4nextEv
                0x00000000000001bc       0x68 /home/arduino/ArduinoApps/weather-unoq-coding-challenge/.cache/sketch/sketch/sketch.ino.cpp.o
                0x00000000000001bc                Arduino_LED_Matrix::next()
 .text._ZN7arduino7msgpack8Unpacker11deserializeEv
                0x0000000000000224       0x16 /home/arduino/ArduinoApps/weather-unoq-coding-challenge/.cache/sketch/sketch/sketch.ino.cpp.o
                0x0000000000000224                arduino::msgpack::Unpacker::deserialize()
 .text._ZN7arduino7msgpack8Unpacker5clearEv
                0x000000000000023a       0x14 /home/arduino/ArduinoApps/weather-unoq-coding-challenge/.cache/sketch/sketch/sketch.ino.cpp.o
                0x000000000000023a                arduino::msgpack::Unpacker::clear()
 .text._ZNK7arduino7msgpack8Unpacker13getRawBytePtrEjj
                0x000000000000024e       0x1e /home/arduino/ArduinoApps/weather-unoq-coding-challenge/.cache/sketch/sketch/sketch.ino.cpp.o
                0x000000000000024e                arduino::msgpack::Unpacker::getRawBytePtr(unsigned int, unsigned int) const
 .text._ZN8RpcErrorC2Ev
                0x000000000000026c       0x2c /home/arduino/ArduinoApps/weather-unoq-coding-challenge/.cache/sketch/sketch/sketch.ino.cpp.o
                0x000000000000026c                RpcError::RpcError()
                0x000000000000026c                RpcError::RpcError()
 .text._ZN7arduino7msgpack8UnpackerC2Ev
                0x0000000000000298       0x10 /home/arduino/ArduinoApps/weather-unoq-coding-challenge/.cache/sketch/sketch/sketch.ino.cpp.o
                0x0000000000000298                arduino::msgpack::Unpacker::Unpacker()
                0x0000000000000298                arduino::msgpack::Unpacker::Unpacker()
 .text._ZN10RPCRequestILj256EEC2Ev
                0x00000000000002a8       0x4c /home/arduino/ArduinoApps/weather-unoq-coding-challenge/.cache/sketch/sketch/sketch.ino.cpp.o
                0x00000000000002a8                RPCRequest<256u>::RPCRequest()
                0x00000000000002a8                RPCRequest<256u>::RPCRequest()
 .text._Z10playRepeati
                0x00000000000002f4       0x3c /home/arduino/ArduinoApps/weather-unoq-coding-challenge/.cache/sketch/sketch/sketch.ino.cpp.o
                0x00000000000002f4                playRepeat(int)
 .text._ZNSt12_Vector_baseIhSaIhEED2Ev
                0x0000000000000330       0x18 /home/arduino/ArduinoApps/weather-unoq-coding-challenge/.cache/sketch/sketch/sketch.ino.cpp.o
                0x0000000000000330                std::_Vector_base<unsigned char, std::allocator<unsigned char> >::~_Vector_base()
                0x0000000000000330                std::_Vector_base<unsigned char, std::allocator<unsigned char> >::~_Vector_base()
 .text.__tcf_3  0x0000000000000348       0x14 /home/arduino/ArduinoApps/weather-unoq-coding-challenge/.cache/sketch/sketch/sketch.ino.cpp.o
 .text.__tcf_2  0x000000000000035c       0x14 /home/arduino/ArduinoApps/weather-unoq-coding-challenge/.cache/sketch/sketch/sketch.ino.cpp.o
 .text._ZNSt6vectorIhSaIhEE14_M_move_assignEOS1_St17integral_constantIbLb1EE.isra.0
                0x0000000000000370       0x34 /home/arduino/ArduinoApps/weather-unoq-coding-challenge/.cache/sketch/sketch/sketch.ino.cpp.o
 .text._ZNK7arduino7msgpack8Unpacker11getRawBytesIhEET_jj
                0x00000000000003a4       0x1e /home/arduino/ArduinoApps/weather-unoq-coding-challenge/.cache/sketch/sketch/sketch.ino.cpp.o
                0x00000000000003a4                unsigned char arduino::msgpack::Unpacker::getRawBytes<unsigned char>(unsigned int, unsigned int) const
 *fill*         0x00000000000003c2        0x2 
 .text._ZNK7arduino7msgpack8Unpacker7getTypeEj
                0x00000000000003c4       0x58 /home/arduino/ArduinoApps/weather-unoq-coding-challenge/.cache/sketch/sketch/sketch.ino.cpp.o
                0x00000000000003c4                arduino::msgpack::Unpacker::getType(unsigned int) const
 .text._ZNK7arduino7msgpack8Unpacker7getTypeEv
                0x000000000000041c       0x10 /home/arduino/ArduinoApps/weather-unoq-coding-challenge/.cache/sketch/sketch/sketch.ino.cpp.o
                0x000000000000041c                arduino::msgpack::Unpacker::getType() const
 .text._ZN7arduino7msgpack8Unpacker11unpackInt32Ev
                0x000000000000042c       0x58 /home/arduino/ArduinoApps/weather-unoq-coding-challenge/.cache/sketch/sketch/sketch.ino.cpp.o
                0x000000000000042c                arduino::msgpack::Unpacker::unpackInt32()
 .text._ZN7arduino7msgpack8Unpacker11unpackInt64Ev
                0x0000000000000484       0x60 /home/arduino/ArduinoApps/weather-unoq-coding-challenge/.cache/sketch/sketch/sketch.ino.cpp.o
                0x0000000000000484                arduino::msgpack::Unpacker::unpackInt64()
 .text._ZNK7arduino7msgpack8Unpacker5isNilEv
                0x00000000000004e4       0x14 /home/arduino/ArduinoApps/weather-unoq-coding-challenge/.cache/sketch/sketch/sketch.ino.cpp.o
                0x00000000000004e4                arduino::msgpack::Unpacker::isNil() const
 .text._ZN7arduino7msgpack8Unpacker9unpackNilEv
                0x00000000000004f8       0x34 /home/arduino/ArduinoApps/weather-unoq-coding-challenge/.cache/sketch/sketch/sketch.ino.cpp.o
                0x00000000000004f8                arduino::msgpack::Unpacker::unpackNil()
 .text._ZNK7arduino7msgpack8Unpacker7isArrayEv
                0x000000000000052c       0x20 /home/arduino/ArduinoApps/weather-unoq-coding-challenge/.cache/sketch/sketch/sketch.ino.cpp.o
                0x000000000000052c                arduino::msgpack::Unpacker::isArray() const
 .text._ZNK7arduino7msgpack8Unpacker5isMapEv
                0x000000000000054c       0x20 /home/arduino/ArduinoApps/weather-unoq-coding-challenge/.cache/sketch/sketch/sketch.ino.cpp.o
                0x000000000000054c                arduino::msgpack::Unpacker::isMap() const
 .text._ZNK7arduino7msgpack8Unpacker6isUIntEv
                0x000000000000056c       0x20 /home/arduino/ArduinoApps/weather-unoq-coding-challenge/.cache/sketch/sketch/sketch.ino.cpp.o
                0x000000000000056c                arduino::msgpack::Unpacker::isUInt() const
 .text._ZNK7arduino7msgpack8Unpacker5isIntEv
                0x000000000000058c       0x20 /home/arduino/ArduinoApps/weather-unoq-coding-challenge/.cache/sketch/sketch/sketch.ino.cpp.o
                0x000000000000058c                arduino::msgpack::Unpacker::isInt() const
 .text._ZN7arduino7msgpack8Unpacker13unpackFloat32Ev
                0x00000000000005ac       0x60 /home/arduino/ArduinoApps/weather-unoq-coding-challenge/.cache/sketch/sketch/sketch.ino.cpp.o
                0x00000000000005ac                arduino::msgpack::Unpacker::unpackFloat32()
 .text._ZN7arduino7msgpack8Unpacker11unpackInt16Ev
                0x000000000000060c       0x4c /home/arduino/ArduinoApps/weather-unoq-coding-challenge/.cache/sketch/sketch/sketch.ino.cpp.o
                0x000000000000060c                arduino::msgpack::Unpacker::unpackInt16()
 .text._ZN7arduino7msgpack8Unpacker13unpackFloat64Ev
                0x0000000000000658       0x6c /home/arduino/ArduinoApps/weather-unoq-coding-challenge/.cache/sketch/sketch/sketch.ino.cpp.o
                0x0000000000000658                arduino::msgpack::Unpacker::unpackFloat64()
 .text._ZN7arduino7msgpack8Unpacker10unpackInt5Ev
                0x00000000000006c4       0x4c /home/arduino/ArduinoApps/weather-unoq-coding-challenge/.cache/sketch/sketch/sketch.ino.cpp.o
                0x00000000000006c4                arduino::msgpack::Unpacker::unpackInt5()
 .text._ZN7arduino7msgpack8Unpacker11unpackUInt7Ev
                0x0000000000000710       0x48 /home/arduino/ArduinoApps/weather-unoq-coding-challenge/.cache/sketch/sketch/sketch.ino.cpp.o
                0x0000000000000710                arduino::msgpack::Unpacker::unpackUInt7()
 .text._ZN7arduino7msgpack8Unpacker11unpackUInt8Ev
                0x0000000000000758       0x48 /home/arduino/ArduinoApps/weather-unoq-coding-challenge/.cache/sketch/sketch/sketch.ino.cpp.o
                0x0000000000000758                arduino::msgpack::Unpacker::unpackUInt8()
 .text._ZNK7arduino7msgpack8Unpacker11getRawBytesItEET_jj
                0x00000000000007a0       0x26 /home/arduino/ArduinoApps/weather-unoq-coding-challenge/.cache/sketch/sketch/sketch.ino.cpp.o
                0x00000000000007a0                unsigned short arduino::msgpack::Unpacker::getRawBytes<unsigned short>(unsigned int, unsigned int) const
 *fill*         0x00000000000007c6        0x2 
 .text._ZN7arduino7msgpack8Unpacker12unpackUInt16Ev
                0x00000000000007c8       0x48 /home/arduino/ArduinoApps/weather-unoq-coding-challenge/.cache/sketch/sketch/sketch.ino.cpp.o
                0x00000000000007c8                arduino::msgpack::Unpacker::unpackUInt16()
 .text._ZNK7arduino7msgpack8Unpacker11getRawBytesIjEET_jj
                0x0000000000000810       0x34 /home/arduino/ArduinoApps/weather-unoq-coding-challenge/.cache/sketch/sketch/sketch.ino.cpp.o
                0x0000000000000810                unsigned int arduino::msgpack::Unpacker::getRawBytes<unsigned int>(unsigned int, unsigned int) const
 .text._ZNK7arduino7msgpack8Unpacker14getElementSizeEj
                0x0000000000000844      0x11c /home/arduino/ArduinoApps/weather-unoq-coding-challenge/.cache/sketch/sketch/sketch.ino.cpp.o
                0x0000000000000844                arduino::msgpack::Unpacker::getElementSize(unsigned int) const
 .text._ZN7arduino7msgpack8Unpacker15unpackArraySizeEv
                0x0000000000000960       0x78 /home/arduino/ArduinoApps/weather-unoq-coding-challenge/.cache/sketch/sketch/sketch.ino.cpp.o
                0x0000000000000960                arduino::msgpack::Unpacker::unpackArraySize()
 .text._ZN7arduino7msgpack8Unpacker11deserializeINS0_4type9ArraySizeEJEEEbRT_DpOT0_.isra.0
                0x00000000000009d8       0x40 /home/arduino/ArduinoApps/weather-unoq-coding-challenge/.cache/sketch/sketch/sketch.ino.cpp.o
 .text._ZN7arduino7msgpack8Unpacker12unpackUInt32Ev
                0x0000000000000a18       0x48 /home/arduino/ArduinoApps/weather-unoq-coding-challenge/.cache/sketch/sketch/sketch.ino.cpp.o
                0x0000000000000a18                arduino::msgpack::Unpacker::unpackUInt32()
 .text._ZN7arduino7msgpack8Unpacker13unpackMapSizeEv
                0x0000000000000a60       0x78 /home/arduino/ArduinoApps/weather-unoq-coding-challenge/.cache/sketch/sketch/sketch.ino.cpp.o
                0x0000000000000a60                arduino::msgpack::Unpacker::unpackMapSize()
 .text._ZNK7arduino7msgpack8Unpacker11getRawBytesIyEET_jj
                0x0000000000000ad8       0x3a /home/arduino/ArduinoApps/weather-unoq-coding-challenge/.cache/sketch/sketch/sketch.ino.cpp.o
                0x0000000000000ad8                unsigned long long arduino::msgpack::Unpacker::getRawBytes<unsigned long long>(unsigned int, unsigned int) const
 *fill*         0x0000000000000b12        0x2 
 .text._ZN7arduino7msgpack8Unpacker12unpackUInt64Ev
                0x0000000000000b14       0x4c /home/arduino/ArduinoApps/weather-unoq-coding-challenge/.cache/sketch/sketch/sketch.ino.cpp.o
                0x0000000000000b14                arduino::msgpack::Unpacker::unpackUInt64()
 .text._ZNK7arduino7msgpack8Unpacker11getRawBytesIaEET_jj
                0x0000000000000b60       0x1e /home/arduino/ArduinoApps/weather-unoq-coding-challenge/.cache/sketch/sketch/sketch.ino.cpp.o
                0x0000000000000b60                signed char arduino::msgpack::Unpacker::getRawBytes<signed char>(unsigned int, unsigned int) const
 *fill*         0x0000000000000b7e        0x2 
 .text._ZN7arduino7msgpack8Unpacker10unpackInt8Ev
                0x0000000000000b80       0x48 /home/arduino/ArduinoApps/weather-unoq-coding-challenge/.cache/sketch/sketch/sketch.ino.cpp.o
                0x0000000000000b80                arduino::msgpack::Unpacker::unpackInt8()
 .text._ZNK7arduino7msgpack8Unpacker13isTimestamp32Ev
                0x0000000000000bc8       0x2c /home/arduino/ArduinoApps/weather-unoq-coding-challenge/.cache/sketch/sketch/sketch.ino.cpp.o
                0x0000000000000bc8                arduino::msgpack::Unpacker::isTimestamp32() const
 .text._ZNK7arduino7msgpack8Unpacker13isTimestamp64Ev
                0x0000000000000bf4       0x2c /home/arduino/ArduinoApps/weather-unoq-coding-challenge/.cache/sketch/sketch/sketch.ino.cpp.o
                0x0000000000000bf4                arduino::msgpack::Unpacker::isTimestamp64() const
 .text._ZNK7arduino7msgpack8Unpacker13isTimestamp96Ev
                0x0000000000000c20       0x40 /home/arduino/ArduinoApps/weather-unoq-coding-challenge/.cache/sketch/sketch/sketch.ino.cpp.o
                0x0000000000000c20                arduino::msgpack::Unpacker::isTimestamp96() const
 .text._ZNK7arduino7msgpack8Unpacker11getRawBytesIcEET_jj
                0x0000000000000c60       0x1e /home/arduino/ArduinoApps/weather-unoq-coding-challenge/.cache/sketch/sketch/sketch.ino.cpp.o
                0x0000000000000c60                char arduino::msgpack::Unpacker::getRawBytes<char>(unsigned int, unsigned int) const
 *fill*         0x0000000000000c7e        0x2 
 .text._ZN7arduino7msgpack8Unpacker11deserializeINS0_6object5nil_tEJEEEbRT_DpOT0_
                0x0000000000000c80       0x40 /home/arduino/ArduinoApps/weather-unoq-coding-challenge/.cache/sketch/sketch/sketch.ino.cpp.o
                0x0000000000000c80                bool arduino::msgpack::Unpacker::deserialize<arduino::msgpack::object::nil_t>(arduino::msgpack::object::nil_t&)
 .text._ZN7arduino7msgpack8Unpacker11deserializeIbJEEEbRT_DpOT0_
                0x0000000000000cc0       0x68 /home/arduino/ArduinoApps/weather-unoq-coding-challenge/.cache/sketch/sketch/sketch.ino.cpp.o
                0x0000000000000cc0                bool arduino::msgpack::Unpacker::deserialize<bool>(bool&)
 .text._ZN7arduino7msgpack8Unpacker11deserializeINS_6StringEJEEEbRT_DpOT0_
                0x0000000000000d28      0x174 /home/arduino/ArduinoApps/weather-unoq-coding-challenge/.cache/sketch/sketch/sketch.ino.cpp.o
                0x0000000000000d28                bool arduino::msgpack::Unpacker::deserialize<arduino::String>(arduino::String&)
 .text._ZN7arduino7msgpack8Unpacker11deserializeINS0_6object8timespecEJEEEbRT_DpOT0_
                0x0000000000000e9c       0xc4 /home/arduino/ArduinoApps/weather-unoq-coding-challenge/.cache/sketch/sketch/sketch.ino.cpp.o
                0x0000000000000e9c                bool arduino::msgpack::Unpacker::deserialize<arduino::msgpack::object::timespec>(arduino::msgpack::object::timespec&)
 .text._ZN17RpcDecoderManagerILj3EE10getDecoderER10ITransport
                0x0000000000000f60       0x74 /home/arduino/ArduinoApps/weather-unoq-coding-challenge/.cache/sketch/sketch/sketch.ino.cpp.o
                0x0000000000000f60                RpcDecoderManager<3u>::getDecoder(ITransport&)
 .text._ZNSt12_Vector_baseIjSaIjEED2Ev
                0x0000000000000fd4       0x18 /home/arduino/ArduinoApps/weather-unoq-coding-challenge/.cache/sketch/sketch/sketch.ino.cpp.o
                0x0000000000000fd4                std::_Vector_base<unsigned int, std::allocator<unsigned int> >::~_Vector_base()
                0x0000000000000fd4                std::_Vector_base<unsigned int, std::allocator<unsigned int> >::~_Vector_base()
 .text._ZN10RPCRequestILj256EED2Ev
                0x0000000000000fec       0x2c /home/arduino/ArduinoApps/weather-unoq-coding-challenge/.cache/sketch/sketch/sketch.ino.cpp.o
                0x0000000000000fec                RPCRequest<256u>::~RPCRequest()
                0x0000000000000fec                RPCRequest<256u>::~RPCRequest()
 .text._ZNSt6vectorIjSaIjEE17_M_realloc_insertIJRjEEEvN9__gnu_cxx17__normal_iteratorIPjS1_EEDpOT_
                0x0000000000001018       0xdc /home/arduino/ArduinoApps/weather-unoq-coding-challenge/.cache/sketch/sketch/sketch.ino.cpp.o
                0x0000000000001018                void std::vector<unsigned int, std::allocator<unsigned int> >::_M_realloc_insert<unsigned int&>(__gnu_cxx::__normal_iterator<unsigned int*, std::vector<unsigned int, std::allocator<unsigned int> > >, unsigned int&)
 .text._ZN7arduino7msgpack8Unpacker4feedEPKhj
                0x00000000000010f4       0x78 /home/arduino/ArduinoApps/weather-unoq-coding-challenge/.cache/sketch/sketch/sketch.ino.cpp.o
                0x00000000000010f4                arduino::msgpack::Unpacker::feed(unsigned char const*, unsigned int)
 .text._ZNKSt6vectorIhSaIhEE12_M_check_lenEjPKc
                0x000000000000116c       0x38 /home/arduino/ArduinoApps/weather-unoq-coding-challenge/.cache/sketch/sketch/sketch.ino.cpp.o
                0x000000000000116c                std::vector<unsigned char, std::allocator<unsigned char> >::_M_check_len(unsigned int, char const*) const
 .text._ZNSt6vectorIhSaIhEE12emplace_backIJRKhEEERhDpOT_.isra.0
                0x00000000000011a4       0x90 /home/arduino/ArduinoApps/weather-unoq-coding-challenge/.cache/sketch/sketch/sketch.ino.cpp.o
 .text._ZNSt6vectorIhSaIhEE12emplace_backIJhEEERhDpOT_.isra.0
                0x0000000000001234       0x90 /home/arduino/ArduinoApps/weather-unoq-coding-challenge/.cache/sketch/sketch/sketch.ino.cpp.o
 .text._ZN7arduino7msgpack8Unpacker11deserializeISt6vectorIhSaIhEEJEEEbRT_DpOT0_
                0x00000000000012c4      0x13c /home/arduino/ArduinoApps/weather-unoq-coding-challenge/.cache/sketch/sketch/sketch.ino.cpp.o
                0x00000000000012c4                bool arduino::msgpack::Unpacker::deserialize<std::vector<unsigned char, std::allocator<unsigned char> >>(std::vector<unsigned char, std::allocator<unsigned char> >&)
 .text._ZN7arduino7msgpack6Packer11packRawByteERKNS0_4TypeE.isra.0
                0x0000000000001400       0x18 /home/arduino/ArduinoApps/weather-unoq-coding-challenge/.cache/sketch/sketch/sketch.ino.cpp.o
 .text._ZN7arduino7msgpack6Packer9packUInt8Eh
                0x0000000000001418       0x2c /home/arduino/ArduinoApps/weather-unoq-coding-challenge/.cache/sketch/sketch/sketch.ino.cpp.o
                0x0000000000001418                arduino::msgpack::Packer::packUInt8(unsigned char)
 .text._ZNSt6vectorIhSaIhEE12emplace_backIJRhEEES3_DpOT_.isra.0
                0x0000000000001444       0x90 /home/arduino/ArduinoApps/weather-unoq-coding-challenge/.cache/sketch/sketch/sketch.ino.cpp.o
 .text._ZN7arduino7msgpack6Packer15packRawReversedIjEEvRKT_
                0x00000000000014d4       0x1c /home/arduino/ArduinoApps/weather-unoq-coding-challenge/.cache/sketch/sketch/sketch.ino.cpp.o
                0x00000000000014d4                void arduino::msgpack::Packer::packRawReversed<unsigned int>(unsigned int const&)
 .text._ZN7arduino7msgpack6Packer10packUInt32Ej
                0x00000000000014f0       0x28 /home/arduino/ArduinoApps/weather-unoq-coding-challenge/.cache/sketch/sketch/sketch.ino.cpp.o
                0x00000000000014f0                arduino::msgpack::Packer::packUInt32(unsigned int)
 .text._ZN7arduino7msgpack6Packer15packRawReversedItEEvRKT_
                0x0000000000001518       0x1c /home/arduino/ArduinoApps/weather-unoq-coding-challenge/.cache/sketch/sketch/sketch.ino.cpp.o
                0x0000000000001518                void arduino::msgpack::Packer::packRawReversed<unsigned short>(unsigned short const&)
 .text._ZN7arduino7msgpack6Packer13packArraySizeEj
                0x0000000000001534       0x58 /home/arduino/ArduinoApps/weather-unoq-coding-challenge/.cache/sketch/sketch/sketch.ino.cpp.o
                0x0000000000001534                arduino::msgpack::Packer::packArraySize(unsigned int)
 .text._ZN7arduino7msgpack6Packer10packUInt16Et
                0x000000000000158c       0x2c /home/arduino/ArduinoApps/weather-unoq-coding-challenge/.cache/sketch/sketch/sketch.ino.cpp.o
                0x000000000000158c                arduino::msgpack::Packer::packUInt16(unsigned short)
 .text._ZN7arduino7msgpack6Packer11packIntegerIjEENSt9enable_ifIXaaaaaasrSt13is_arithmeticIT_E5valuesrSt11is_integralIS5_E5valuentsrSt7is_sameIS5_bE5valuentsrS9_INSt9remove_cvIS5_E4typeEPcE5valueEvE4typeERKS5_.isra.0
                0x00000000000015b8       0x50 /home/arduino/ArduinoApps/weather-unoq-coding-challenge/.cache/sketch/sketch/sketch.ino.cpp.o
 .text._ZN7arduino7msgpack6Packer11packIntegerIiEENSt9enable_ifIXaaaaaasrSt13is_arithmeticIT_E5valuesrSt11is_integralIS5_E5valuentsrSt7is_sameIS5_bE5valuentsrS9_INSt9remove_cvIS5_E4typeEPcE5valueEvE4typeERKS5_.isra.0
                0x0000000000001608       0xb8 /home/arduino/ArduinoApps/weather-unoq-coding-challenge/.cache/sketch/sketch/sketch.ino.cpp.o
 .text._ZN7arduino7msgpack6Packer12packRawBytesEPKcj
                0x00000000000016c0       0x9c /home/arduino/ArduinoApps/weather-unoq-coding-challenge/.cache/sketch/sketch/sketch.ino.cpp.o
                0x00000000000016c0                arduino::msgpack::Packer::packRawBytes(char const*, unsigned int)
 .text._ZN7arduino7msgpack6Packer4packERKNS_6StringE
                0x000000000000175c       0x7c /home/arduino/ArduinoApps/weather-unoq-coding-challenge/.cache/sketch/sketch/sketch.ino.cpp.o
                0x000000000000175c                arduino::msgpack::Packer::pack(arduino::String const&)
 .text._ZN7arduino7msgpack6Packer9serializeIJRKiRjRKNS_6StringEEEEvRKNS0_4type9ArraySizeEDpOT_.isra.0
                0x00000000000017d8       0x38 /home/arduino/ArduinoApps/weather-unoq-coding-challenge/.cache/sketch/sketch/sketch.ino.cpp.o
 .text._ZN7arduino7msgpack8Unpacker9unpackIntIiEENSt9enable_ifIXaaaaaaaasrSt13is_arithmeticIT_E5valuesrSt11is_integralIS5_E5valuentsrSt7is_sameIS5_bE5valuentsrS9_INSt9remove_cvIS5_E4typeEPcE5valuesrSt9is_signedIS5_E5valueES5_E4typeEv
                0x0000000000001810       0xd0 /home/arduino/ArduinoApps/weather-unoq-coding-challenge/.cache/sketch/sketch/sketch.ino.cpp.o
                0x0000000000001810                std::enable_if<(((std::is_arithmetic<int>::value&&std::is_integral<int>::value)&&(!std::is_same<int, bool>::value))&&(!std::is_same<std::remove_cv<int>::type, char*>::value))&&std::is_signed<int>::value, int>::type arduino::msgpack::Unpacker::unpackInt<int>()
 .text._ZN7arduino7msgpack8Unpacker11deserializeIiJEEEbRT_DpOT0_
                0x00000000000018e0       0x40 /home/arduino/ArduinoApps/weather-unoq-coding-challenge/.cache/sketch/sketch/sketch.ino.cpp.o
                0x00000000000018e0                bool arduino::msgpack::Unpacker::deserialize<int>(int&)
 .text._ZN7arduino7msgpack8Unpacker11unpackFloatIfEENSt9enable_ifIXaasrSt13is_arithmeticIT_E5valuesrSt17is_floating_pointIS5_E5valueES5_E4typeEv
                0x0000000000001920      0x118 /home/arduino/ArduinoApps/weather-unoq-coding-challenge/.cache/sketch/sketch/sketch.ino.cpp.o
                0x0000000000001920                std::enable_if<std::is_arithmetic<float>::value&&std::is_floating_point<float>::value, float>::type arduino::msgpack::Unpacker::unpackFloat<float>()
 .text._ZN7arduino7msgpack8Unpacker11unpackFloatIdEENSt9enable_ifIXaasrSt13is_arithmeticIT_E5valuesrSt17is_floating_pointIS5_E5valueES5_E4typeEv
                0x0000000000001a38      0x118 /home/arduino/ArduinoApps/weather-unoq-coding-challenge/.cache/sketch/sketch/sketch.ino.cpp.o
                0x0000000000001a38                std::enable_if<std::is_arithmetic<double>::value&&std::is_floating_point<double>::value, double>::type arduino::msgpack::Unpacker::unpackFloat<double>()
 .text._ZN7arduino7msgpack8Unpacker11deserializeINS0_4type9ArraySizeEJRiEEEbRT_DpOT0_
                0x0000000000001b50       0x44 /home/arduino/ArduinoApps/weather-unoq-coding-challenge/.cache/sketch/sketch/sketch.ino.cpp.o
                0x0000000000001b50                bool arduino::msgpack::Unpacker::deserialize<arduino::msgpack::type::ArraySize, int&>(arduino::msgpack::type::ArraySize&, int&)
 .text._ZNK10RpcDecoderILj1024EE4sendEPKhj
                0x0000000000001b94       0x22 /home/arduino/ArduinoApps/weather-unoq-coding-challenge/.cache/sketch/sketch/sketch.ino.cpp.o
                0x0000000000001b94                RpcDecoder<1024u>::send(unsigned char const*, unsigned int) const
 *fill*         0x0000000000001bb6        0x2 
 .text._ZN9RPCClient8send_rpcIJRKN7arduino6StringEEEEbS4_RjDpOT_.isra.0
                0x0000000000001bb8       0x84 /home/arduino/ArduinoApps/weather-unoq-coding-challenge/.cache/sketch/sketch/sketch.ino.cpp.o
 .text._ZN9RPCClient8send_rpcIJEEEbRKN7arduino6StringERjDpOT_.isra.0
                0x0000000000001c3c       0x74 /home/arduino/ArduinoApps/weather-unoq-coding-challenge/.cache/sketch/sketch/sketch.ino.cpp.o
 .text._ZN9RPCClient8send_rpcIJRKjEEEbRKN7arduino6StringERjDpOT_.isra.0
                0x0000000000001cb0       0x84 /home/arduino/ArduinoApps/weather-unoq-coding-challenge/.cache/sketch/sketch/sketch.ino.cpp.o
 .text._ZNK9RPCServer13send_responseILj256EEEbRK10RPCRequestIXT_EE.isra.0
                0x0000000000001d34       0x24 /home/arduino/ArduinoApps/weather-unoq-coding-challenge/.cache/sketch/sketch/sketch.ino.cpp.o
 .text._ZN10RpcDecoderILj1024EE7consumeEjj
                0x0000000000001d58       0x36 /home/arduino/ArduinoApps/weather-unoq-coding-challenge/.cache/sketch/sketch/sketch.ino.cpp.o
                0x0000000000001d58                RpcDecoder<1024u>::consume(unsigned int, unsigned int)
 *fill*         0x0000000000001d8e        0x2 
 .text._ZN10RpcDecoderILj1024EE7discardEv
                0x0000000000001d90       0x2c /home/arduino/ArduinoApps/weather-unoq-coding-challenge/.cache/sketch/sketch/sketch.ino.cpp.o
                0x0000000000001d90                RpcDecoder<1024u>::discard()
 .text._ZN7arduino7msgpack8Unpacker11deserializeI8RpcErrorJRNS0_6object5nil_tEEEEbRT_DpOT0_
                0x0000000000001dbc       0x90 /home/arduino/ArduinoApps/weather-unoq-coding-challenge/.cache/sketch/sketch/sketch.ino.cpp.o
                0x0000000000001dbc                bool arduino::msgpack::Unpacker::deserialize<RpcError, arduino::msgpack::object::nil_t&>(RpcError&, arduino::msgpack::object::nil_t&)
 .text._ZN7arduino7msgpack8Unpacker10unpackUIntIjEENSt9enable_ifIXaaaaaaaasrSt13is_arithmeticIT_E5valuesrSt11is_integralIS5_E5valuentsrSt7is_sameIS5_bE5valuentsrS9_INSt9remove_cvIS5_E4typeEPcE5valuentsrSt9is_signedIS5_E5valueES5_E4typeEv
                0x0000000000001e4c       0x80 /home/arduino/ArduinoApps/weather-unoq-coding-challenge/.cache/sketch/sketch/sketch.ino.cpp.o
                0x0000000000001e4c                std::enable_if<(((std::is_arithmetic<unsigned int>::value&&std::is_integral<unsigned int>::value)&&(!std::is_same<unsigned int, bool>::value))&&(!std::is_same<std::remove_cv<unsigned int>::type, char*>::value))&&(!std::is_signed<unsigned int>::value), unsigned int>::type arduino::msgpack::Unpacker::unpackUInt<unsigned int>()
 .text._ZN7arduino7msgpack8Unpacker11deserializeIjJRNS_6StringEEEEbRT_DpOT0_
                0x0000000000001ecc       0x44 /home/arduino/ArduinoApps/weather-unoq-coding-challenge/.cache/sketch/sketch/sketch.ino.cpp.o
                0x0000000000001ecc                bool arduino::msgpack::Unpacker::deserialize<unsigned int, arduino::String&>(unsigned int&, arduino::String&)
 .text._ZN10RpcDecoderILj1024EE16fetch_rpc_methodEv
                0x0000000000001f10       0xe8 /home/arduino/ArduinoApps/weather-unoq-coding-challenge/.cache/sketch/sketch/sketch.ino.cpp.o
                0x0000000000001f10                RpcDecoder<1024u>::fetch_rpc_method()
 .text._ZN10RPCRequestILj256EE22unpack_request_headersEv
                0x0000000000001ff8       0xb8 /home/arduino/ArduinoApps/weather-unoq-coding-challenge/.cache/sketch/sketch/sketch.ino.cpp.o
                0x0000000000001ff8                RPCRequest<256u>::unpack_request_headers()
 .text._ZN9RPCServer15process_requestILj256EEEvR10RPCRequestIXT_EE
                0x00000000000020b0      0x138 /home/arduino/ArduinoApps/weather-unoq-coding-challenge/.cache/sketch/sketch/sketch.ino.cpp.o
                0x00000000000020b0                void RPCServer::process_request<256u>(RPCRequest<256u>&)
 .text._ZN7arduino7msgpack8Unpacker11deserializeIjJEEEbRT_DpOT0_
                0x00000000000021e8       0x40 /home/arduino/ArduinoApps/weather-unoq-coding-challenge/.cache/sketch/sketch/sketch.ino.cpp.o
                0x00000000000021e8                bool arduino::msgpack::Unpacker::deserialize<unsigned int>(unsigned int&)
 .text._ZN7arduino7msgpack8Unpacker11deserializeINS0_4type9ArraySizeEJRiRjEEEbRT_DpOT0_
                0x0000000000002228       0x78 /home/arduino/ArduinoApps/weather-unoq-coding-challenge/.cache/sketch/sketch/sketch.ino.cpp.o
                0x0000000000002228                bool arduino::msgpack::Unpacker::deserialize<arduino::msgpack::type::ArraySize, int&, unsigned int&>(arduino::msgpack::type::ArraySize&, int&, unsigned int&)
 .text._ZN10RpcDecoderILj1024EE12get_responseIN7arduino7msgpack6object5nil_tEEEbjRT_R8RpcError
                0x00000000000022a0      0x164 /home/arduino/ArduinoApps/weather-unoq-coding-challenge/.cache/sketch/sketch/sketch.ino.cpp.o
                0x00000000000022a0                bool RpcDecoder<1024u>::get_response<arduino::msgpack::object::nil_t>(unsigned int, arduino::msgpack::object::nil_t&, RpcError&)
 .text._ZN10RpcDecoderILj1024EE12get_responseIbEEbjRT_R8RpcError
                0x0000000000002404      0x164 /home/arduino/ArduinoApps/weather-unoq-coding-challenge/.cache/sketch/sketch/sketch.ino.cpp.o
                0x0000000000002404                bool RpcDecoder<1024u>::get_response<bool>(unsigned int, bool&, RpcError&)
 .text._ZN10RpcDecoderILj1024EE12get_responseIN7arduino6StringEEEbjRT_R8RpcError
                0x0000000000002568      0x164 /home/arduino/ArduinoApps/weather-unoq-coding-challenge/.cache/sketch/sketch/sketch.ino.cpp.o
                0x0000000000002568                bool RpcDecoder<1024u>::get_response<arduino::String>(unsigned int, arduino::String&, RpcError&)
 .text._ZNSt11__copy_moveILb0ELb1ESt26random_access_iterator_tagE8__copy_mIhEEPT_PKS3_S6_S4_
                0x00000000000026cc       0x1c /home/arduino/ArduinoApps/weather-unoq-coding-challenge/.cache/sketch/sketch/sketch.ino.cpp.o
                0x00000000000026cc                unsigned char* std::__copy_move<false, true, std::random_access_iterator_tag>::__copy_m<unsigned char>(unsigned char const*, unsigned char const*, unsigned char*)
 .text._ZNSt11__copy_moveILb1ELb1ESt26random_access_iterator_tagE8__copy_mIhEEPT_PKS3_S6_S4_
                0x00000000000026e8       0x1c /home/arduino/ArduinoApps/weather-unoq-coding-challenge/.cache/sketch/sketch/sketch.ino.cpp.o
                0x00000000000026e8                unsigned char* std::__copy_move<true, true, std::random_access_iterator_tag>::__copy_m<unsigned char>(unsigned char const*, unsigned char const*, unsigned char*)
 .text._ZN7arduino7msgpack6object3extC2EaPKhj
                0x0000000000002704      0x104 /home/arduino/ArduinoApps/weather-unoq-coding-challenge/.cache/sketch/sketch/sketch.ino.cpp.o
                0x0000000000002704                arduino::msgpack::object::ext::ext(signed char, unsigned char const*, unsigned int)
                0x0000000000002704                arduino::msgpack::object::ext::ext(signed char, unsigned char const*, unsigned int)
 .text._ZN7arduino7msgpack8Unpacker9unpackExtEv
                0x0000000000002808      0x178 /home/arduino/ArduinoApps/weather-unoq-coding-challenge/.cache/sketch/sketch/sketch.ino.cpp.o
                0x0000000000002808                arduino::msgpack::Unpacker::unpackExt()
 .text._ZN8RpcUtils6detail12unpackObjectERN7arduino7msgpack8UnpackerE
                0x0000000000002980      0x29c /home/arduino/ArduinoApps/weather-unoq-coding-challenge/.cache/sketch/sketch/sketch.ino.cpp.o
                0x0000000000002980                RpcUtils::detail::unpackObject(arduino::msgpack::Unpacker&)
 .text._ZN10RpcDecoderILj1024EE12parse_packetEv
                0x0000000000002c1c       0xf8 /home/arduino/ArduinoApps/weather-unoq-coding-challenge/.cache/sketch/sketch/sketch.ino.cpp.o
                0x0000000000002c1c                RpcDecoder<1024u>::parse_packet()
 .text._ZN10RpcDecoderILj1024EE6decodeEv
                0x0000000000002d14       0x40 /home/arduino/ArduinoApps/weather-unoq-coding-challenge/.cache/sketch/sketch/sketch.ino.cpp.o
                0x0000000000002d14                RpcDecoder<1024u>::decode()
 .text._ZN9RPCServer7get_rpcILj256EEEbR10RPCRequestIXT_EEN7arduino6StringE
                0x0000000000002d54       0xc4 /home/arduino/ArduinoApps/weather-unoq-coding-challenge/.cache/sketch/sketch/sketch.ino.cpp.o
                0x0000000000002d54                bool RPCServer::get_rpc<256u>(RPCRequest<256u>&, arduino::String)
 .text._ZN11BridgeClass11update_safeEv
                0x0000000000002e18       0xb0 /home/arduino/ArduinoApps/weather-unoq-coding-challenge/.cache/sketch/sketch/sketch.ino.cpp.o
                0x0000000000002e18                BridgeClass::update_safe()
 .text._Z10__loopHookv
                0x0000000000002ec8       0x20 /home/arduino/ArduinoApps/weather-unoq-coding-challenge/.cache/sketch/sketch/sketch.ino.cpp.o
                0x0000000000002ec8                __loopHook()
 .text._ZN11BridgeClass6updateEv
                0x0000000000002ee8       0xb0 /home/arduino/ArduinoApps/weather-unoq-coding-challenge/.cache/sketch/sketch/sketch.ino.cpp.o
                0x0000000000002ee8                BridgeClass::update()
 .text._Z16updateEntryPointPvS_S_
                0x0000000000002f98       0x24 /home/arduino/ArduinoApps/weather-unoq-coding-challenge/.cache/sketch/sketch/sketch.ino.cpp.o
                0x0000000000002f98                updateEntryPoint(void*, void*, void*)
 .text._ZN9RPCClient12get_responseIN7arduino7msgpack6object5nil_tEEEbjRT_R8RpcError
                0x0000000000002fbc       0x40 /home/arduino/ArduinoApps/weather-unoq-coding-challenge/.cache/sketch/sketch/sketch.ino.cpp.o
                0x0000000000002fbc                bool RPCClient::get_response<arduino::msgpack::object::nil_t>(unsigned int, arduino::msgpack::object::nil_t&, RpcError&)
 .text._ZN9RpcResultIJRN7arduino6StringEEED2Ev
                0x0000000000002ffc       0xa0 /home/arduino/ArduinoApps/weather-unoq-coding-challenge/.cache/sketch/sketch/sketch.ino.cpp.o
                0x0000000000002ffc                RpcResult<arduino::String&>::~RpcResult()
                0x0000000000002ffc                RpcResult<arduino::String&>::~RpcResult()
 .text.setup    0x000000000000309c      0x294 /home/arduino/ArduinoApps/weather-unoq-coding-challenge/.cache/sketch/sketch/sketch.ino.cpp.o
                0x000000000000309c                setup
 .text._ZN9RpcResultIJRN7arduino6StringEEE6resultIS1_EEbRT_
                0x0000000000003330       0xbc /home/arduino/ArduinoApps/weather-unoq-coding-challenge/.cache/sketch/sketch/sketch.ino.cpp.o
                0x0000000000003330                bool RpcResult<arduino::String&>::result<arduino::String>(arduino::String&)
 .text.loop     0x00000000000033ec      0x134 /home/arduino/ArduinoApps/weather-unoq-coding-challenge/.cache/sketch/sketch/sketch.ino.cpp.o
                0x00000000000033ec                loop
 .text._ZN8RpcUtils6detail9unpackMapERN7arduino7msgpack8UnpackerERj
                0x0000000000003520       0x80 /home/arduino/ArduinoApps/weather-unoq-coding-challenge/.cache/sketch/sketch/sketch.ino.cpp.o
                0x0000000000003520                RpcUtils::detail::unpackMap(arduino::msgpack::Unpacker&, unsigned int&)
 .text._ZN10RpcDecoderILj1024EE12get_responseIjEEbjRT_R8RpcError
                0x00000000000035a0      0x164 /home/arduino/ArduinoApps/weather-unoq-coding-challenge/.cache/sketch/sketch/sketch.ino.cpp.o
                0x00000000000035a0                bool RpcDecoder<1024u>::get_response<unsigned int>(unsigned int, unsigned int&, RpcError&)
 .text._ZN9RpcResultIJRN7arduino6StringEEE6resultIjEEbRT_
                0x0000000000003704       0xbc /home/arduino/ArduinoApps/weather-unoq-coding-challenge/.cache/sketch/sketch/sketch.ino.cpp.o
                0x0000000000003704                bool RpcResult<arduino::String&>::result<unsigned int>(unsigned int&)
 .text._ZN13BridgeMonitorILj512EE5writeEPKhj
                0x00000000000037c0       0xa4 /home/arduino/ArduinoApps/weather-unoq-coding-challenge/.cache/sketch/sketch/sketch.ino.cpp.o
                0x00000000000037c0                BridgeMonitor<512u>::write(unsigned char const*, unsigned int)
 .text._ZN10RpcDecoderILj1024EE12get_responseISt6vectorIhSaIhEEEEbjRT_R8RpcError
                0x0000000000003864      0x164 /home/arduino/ArduinoApps/weather-unoq-coding-challenge/.cache/sketch/sketch/sketch.ino.cpp.o
                0x0000000000003864                bool RpcDecoder<1024u>::get_response<std::vector<unsigned char, std::allocator<unsigned char> > >(unsigned int, std::vector<unsigned char, std::allocator<unsigned char> >&, RpcError&)
 .text._ZN9RpcResultIJRjEE6resultISt6vectorIhSaIhEEEEbRT_
                0x00000000000039c8       0xbc /home/arduino/ArduinoApps/weather-unoq-coding-challenge/.cache/sketch/sketch/sketch.ino.cpp.o
                0x00000000000039c8                bool RpcResult<unsigned int&>::result<std::vector<unsigned char, std::allocator<unsigned char> > >(std::vector<unsigned char, std::allocator<unsigned char> >&)
 .text._ZN13BridgeMonitorILj512EE5_readEj
                0x0000000000003a84      0x15c /home/arduino/ArduinoApps/weather-unoq-coding-challenge/.cache/sketch/sketch/sketch.ino.cpp.o
                0x0000000000003a84                BridgeMonitor<512u>::_read(unsigned int)
 .text._ZN13BridgeMonitorILj512EE9availableEv
                0x0000000000003be0       0x44 /home/arduino/ArduinoApps/weather-unoq-coding-challenge/.cache/sketch/sketch/sketch.ino.cpp.o
                0x0000000000003be0                BridgeMonitor<512u>::available()
 .text._GLOBAL__sub_I_Bridge
                0x0000000000003c24       0xe8 /home/arduino/ArduinoApps/weather-unoq-coding-challenge/.cache/sketch/sketch/sketch.ino.cpp.o
 .text._GLOBAL__sub_D_Bridge
                0x0000000000003d0c       0x2c /home/arduino/ArduinoApps/weather-unoq-coding-challenge/.cache/sketch/sketch/sketch.ino.cpp.o
 .text._ZSt20__throw_length_errorPKc
                0x0000000000003d38        0x2 /home/arduino/ArduinoApps/weather-unoq-coding-challenge/.cache/sketch/core/core.a(abi.cpp.o)
                0x0000000000003d38                std::__throw_length_error(char const*)
 .text._ZSt17__throw_bad_allocv
                0x0000000000003d3a        0x2 /home/arduino/ArduinoApps/weather-unoq-coding-challenge/.cache/sketch/core/core.a(abi.cpp.o)
                0x0000000000003d3a                std::__throw_bad_alloc()
 .text.atexit   0x0000000000003d3c        0x4 /home/arduino/ArduinoApps/weather-unoq-coding-challenge/.cache/sketch/core/core.a(abi.cpp.o)
                0x0000000000003d3c                atexit
 .text.strcmp   0x0000000000003d40       0x16 /home/arduino/ArduinoApps/weather-unoq-coding-challenge/.cache/sketch/core/core.a(abi.cpp.o)
                0x0000000000003d40                strcmp
 *fill*         0x0000000000003d56        0x2 
 .text._ZN7arduino6Stream9timedReadEv
                0x0000000000003d58       0x2c /home/arduino/ArduinoApps/weather-unoq-coding-challenge/.cache/sketch/core/core.a(Stream.cpp.o)
                0x0000000000003d58                arduino::Stream::timedRead()
 .text._ZN7arduino6Stream10setTimeoutEm
                0x0000000000003d84        0x4 /home/arduino/ArduinoApps/weather-unoq-coding-challenge/.cache/sketch/core/core.a(Stream.cpp.o)
                0x0000000000003d84                arduino::Stream::setTimeout(unsigned long)
 .text._ZN7arduino6Stream9readBytesEPcj
                0x0000000000003d88       0x2c /home/arduino/ArduinoApps/weather-unoq-coding-challenge/.cache/sketch/core/core.a(Stream.cpp.o)
                0x0000000000003d88                arduino::Stream::readBytes(char*, unsigned int)
 .text._ZN7arduino6StringC2EOS0_
                0x0000000000003db4       0x16 /home/arduino/ArduinoApps/weather-unoq-coding-challenge/.cache/sketch/core/core.a(String.cpp.o)
                0x0000000000003db4                arduino::String::String(arduino::String&&)
                0x0000000000003db4                arduino::String::String(arduino::String&&)
 *fill*         0x0000000000003dca        0x2 
 .text._ZN7arduino6StringD2Ev
                0x0000000000003dcc       0x14 /home/arduino/ArduinoApps/weather-unoq-coding-challenge/.cache/sketch/core/core.a(String.cpp.o)
                0x0000000000003dcc                arduino::String::~String()
                0x0000000000003dcc                arduino::String::~String()
 .text._ZN7arduino6String10invalidateEv
                0x0000000000003de0       0x1c /home/arduino/ArduinoApps/weather-unoq-coding-challenge/.cache/sketch/core/core.a(String.cpp.o)
                0x0000000000003de0                arduino::String::invalidate()
 .text._ZN7arduino6String12changeBufferEj
                0x0000000000003dfc       0x1c /home/arduino/ArduinoApps/weather-unoq-coding-challenge/.cache/sketch/core/core.a(String.cpp.o)
                0x0000000000003dfc                arduino::String::changeBuffer(unsigned int)
 .text._ZN7arduino6String7reserveEj
                0x0000000000003e18       0x28 /home/arduino/ArduinoApps/weather-unoq-coding-challenge/.cache/sketch/core/core.a(String.cpp.o)
                0x0000000000003e18                arduino::String::reserve(unsigned int)
 .text._ZN7arduino6String4copyEPKcj
                0x0000000000003e40       0x3c /home/arduino/ArduinoApps/weather-unoq-coding-challenge/.cache/sketch/core/core.a(String.cpp.o)
                0x0000000000003e40                arduino::String::copy(char const*, unsigned int)
 .text._ZN7arduino6StringC2EPKc
                0x0000000000003e7c       0x2c /home/arduino/ArduinoApps/weather-unoq-coding-challenge/.cache/sketch/core/core.a(String.cpp.o)
                0x0000000000003e7c                arduino::String::String(char const*)
                0x0000000000003e7c                arduino::String::String(char const*)
 .text._ZN7arduino6String4moveERS0_
                0x0000000000003ea8       0x2c /home/arduino/ArduinoApps/weather-unoq-coding-challenge/.cache/sketch/core/core.a(String.cpp.o)
                0x0000000000003ea8                arduino::String::move(arduino::String&)
 .text._ZN7arduino6StringaSERKS0_
                0x0000000000003ed4       0x28 /home/arduino/ArduinoApps/weather-unoq-coding-challenge/.cache/sketch/core/core.a(String.cpp.o)
                0x0000000000003ed4                arduino::String::operator=(arduino::String const&)
 .text._ZN7arduino6StringC2ERKS0_
                0x0000000000003efc       0x18 /home/arduino/ArduinoApps/weather-unoq-coding-challenge/.cache/sketch/core/core.a(String.cpp.o)
                0x0000000000003efc                arduino::String::String(arduino::String const&)
                0x0000000000003efc                arduino::String::String(arduino::String const&)
 .text._ZN7arduino6StringaSEOS0_
                0x0000000000003f14       0x10 /home/arduino/ArduinoApps/weather-unoq-coding-challenge/.cache/sketch/core/core.a(String.cpp.o)
                0x0000000000003f14                arduino::String::operator=(arduino::String&&)
 .text._ZN7arduino6StringaSEPKc
                0x0000000000003f24       0x30 /home/arduino/ArduinoApps/weather-unoq-coding-challenge/.cache/sketch/core/core.a(String.cpp.o)
                0x0000000000003f24                arduino::String::operator=(char const*)
 .text._ZN7arduino6String6concatEPKcj
                0x0000000000003f54       0x40 /home/arduino/ArduinoApps/weather-unoq-coding-challenge/.cache/sketch/core/core.a(String.cpp.o)
                0x0000000000003f54                arduino::String::concat(char const*, unsigned int)
 .text._ZN7arduino6String6concatEc
                0x0000000000003f94       0x1c /home/arduino/ArduinoApps/weather-unoq-coding-challenge/.cache/sketch/core/core.a(String.cpp.o)
                0x0000000000003f94                arduino::String::concat(char)
 .text._ZNK7arduino6String9compareToERKS0_
                0x0000000000003fb0       0x30 /home/arduino/ArduinoApps/weather-unoq-coding-challenge/.cache/sketch/core/core.a(String.cpp.o)
                0x0000000000003fb0                arduino::String::compareTo(arduino::String const&) const
 .text._ZNK7arduino6String6equalsERKS0_
                0x0000000000003fe0       0x20 /home/arduino/ArduinoApps/weather-unoq-coding-challenge/.cache/sketch/core/core.a(String.cpp.o)
                0x0000000000003fe0                arduino::String::equals(arduino::String const&) const
 .text._ZNK7arduino6String6equalsEPKc
                0x0000000000004000       0x28 /home/arduino/ArduinoApps/weather-unoq-coding-challenge/.cache/sketch/core/core.a(String.cpp.o)
                0x0000000000004000                arduino::String::equals(char const*) const
 .text.initVariant
                0x0000000000004028        0x2 /home/arduino/ArduinoApps/weather-unoq-coding-challenge/.cache/sketch/core/core.a(main.cpp.o)
                0x0000000000004028                initVariant
 *fill*         0x000000000000402a        0x2 
 .text.main     0x000000000000402c       0x2c /home/arduino/ArduinoApps/weather-unoq-coding-challenge/.cache/sketch/core/core.a(main.cpp.o)
                0x000000000000402c                main
 .text._ZL10new_helperj
                0x0000000000004058       0x10 /home/arduino/ArduinoApps/weather-unoq-coding-challenge/.cache/sketch/core/core.a(new.cpp.o)
 .text._Znwj    0x0000000000004068        0x8 /home/arduino/ArduinoApps/weather-unoq-coding-challenge/.cache/sketch/core/core.a(new.cpp.o)
                0x0000000000004068                operator new(unsigned int)
 .text._ZnwjPv  0x0000000000004070        0x4 /home/arduino/ArduinoApps/weather-unoq-coding-challenge/.cache/sketch/core/core.a(new.cpp.o)
                0x0000000000004070                operator new(unsigned int, void*)
 .text._ZdlPvj  0x0000000000004074        0x8 /home/arduino/ArduinoApps/weather-unoq-coding-challenge/.cache/sketch/core/core.a(new.cpp.o)
                0x0000000000004074                operator delete(void*, unsigned int)
 .text._Z20start_static_threadsv
                0x000000000000407c       0x6c /home/arduino/ArduinoApps/weather-unoq-coding-challenge/.cache/sketch/core/core.a(threads.cpp.o)
                0x000000000000407c                start_static_threads()
 .text.yield    0x00000000000040e8        0x8 /home/arduino/ArduinoApps/weather-unoq-coding-challenge/.cache/sketch/core/core.a(zephyrCommon.cpp.o)
                0x00000000000040e8                yield
 .text.delay    0x00000000000040f0       0x10 /home/arduino/ArduinoApps/weather-unoq-coding-challenge/.cache/sketch/core/core.a(zephyrCommon.cpp.o)
                0x00000000000040f0                delay
 .text.millis   0x0000000000004100       0x18 /home/arduino/ArduinoApps/weather-unoq-coding-challenge/.cache/sketch/core/core.a(zephyrCommon.cpp.o)
                0x0000000000004100                millis
 .text.z_impl_uart_irq_tx_enable
                0x0000000000004118        0xa /home/arduino/ArduinoApps/weather-unoq-coding-challenge/.cache/sketch/core/core.a(zephyrSerial.cpp.o)
 .text._ZN7arduino12ZephyrSerial5beginEm
                0x0000000000004122        0xa /home/arduino/ArduinoApps/weather-unoq-coding-challenge/.cache/sketch/core/core.a(zephyrSerial.cpp.o)
                0x0000000000004122                arduino::ZephyrSerial::begin(unsigned long)
 .text._ZN7arduino12ZephyrSerial3endEv
                0x000000000000412c        0x2 /home/arduino/ArduinoApps/weather-unoq-coding-challenge/.cache/sketch/core/core.a(zephyrSerial.cpp.o)
                0x000000000000412c                arduino::ZephyrSerial::end()
 .text._ZN7arduino12ZephyrSerial5writeEh
                0x000000000000412e       0x18 /home/arduino/ArduinoApps/weather-unoq-coding-challenge/.cache/sketch/core/core.a(zephyrSerial.cpp.o)
                0x000000000000412e                arduino::ZephyrSerial::write(unsigned char)
 .text._ZN7arduino12ZephyrSerialcvbEv
                0x0000000000004146        0x4 /home/arduino/ArduinoApps/weather-unoq-coding-challenge/.cache/sketch/core/core.a(zephyrSerial.cpp.o)
                0x0000000000004146                arduino::ZephyrSerial::operator bool()
 *fill*         0x000000000000414a        0x2 
 .text.k_sem_give
                0x000000000000414c        0x8 /home/arduino/ArduinoApps/weather-unoq-coding-challenge/.cache/sketch/core/core.a(zephyrSerial.cpp.o)
 .text.k_sem_take.isra.0
                0x0000000000004154        0x8 /home/arduino/ArduinoApps/weather-unoq-coding-challenge/.cache/sketch/core/core.a(zephyrSerial.cpp.o)
 .text._ZN7arduino12ZephyrSerial4readEv
                0x000000000000415c       0x48 /home/arduino/ArduinoApps/weather-unoq-coding-challenge/.cache/sketch/core/core.a(zephyrSerial.cpp.o)
                0x000000000000415c                arduino::ZephyrSerial::read()
 .text._ZN7arduino12ZephyrSerial4peekEv
                0x00000000000041a4       0x48 /home/arduino/ArduinoApps/weather-unoq-coding-challenge/.cache/sketch/core/core.a(zephyrSerial.cpp.o)
                0x00000000000041a4                arduino::ZephyrSerial::peek()
 .text._ZN7arduino12ZephyrSerial17availableForWriteEv
                0x00000000000041ec       0x34 /home/arduino/ArduinoApps/weather-unoq-coding-challenge/.cache/sketch/core/core.a(zephyrSerial.cpp.o)
                0x00000000000041ec                arduino::ZephyrSerial::availableForWrite()
 .text._ZN7arduino12ZephyrSerial9availableEv
                0x0000000000004220       0x34 /home/arduino/ArduinoApps/weather-unoq-coding-challenge/.cache/sketch/core/core.a(zephyrSerial.cpp.o)
                0x0000000000004220                arduino::ZephyrSerial::available()
 .text._ZN7arduino12ZephyrSerial5beginEmt
                0x0000000000004254       0xb8 /home/arduino/ArduinoApps/weather-unoq-coding-challenge/.cache/sketch/core/core.a(zephyrSerial.cpp.o)
                0x0000000000004254                arduino::ZephyrSerial::begin(unsigned long, unsigned short)
 .text._ZN7arduino12ZephyrSerial5flushEv
                0x000000000000430c       0x2c /home/arduino/ArduinoApps/weather-unoq-coding-challenge/.cache/sketch/core/core.a(zephyrSerial.cpp.o)
                0x000000000000430c                arduino::ZephyrSerial::flush()
 .text._ZN7arduino12ZephyrSerial5writeEPKhj
                0x0000000000004338       0x70 /home/arduino/ArduinoApps/weather-unoq-coding-challenge/.cache/sketch/core/core.a(zephyrSerial.cpp.o)
                0x0000000000004338                arduino::ZephyrSerial::write(unsigned char const*, unsigned int)
 .text._ZN7arduino12ZephyrSerial10IrqHandlerEv
                0x00000000000043a8       0xec /home/arduino/ArduinoApps/weather-unoq-coding-challenge/.cache/sketch/core/core.a(zephyrSerial.cpp.o)
                0x00000000000043a8                arduino::ZephyrSerial::IrqHandler()
 .text._ZN7arduino12ZephyrSerial11IrqDispatchEPK6devicePv
                0x0000000000004494        0xc /home/arduino/ArduinoApps/weather-unoq-coding-challenge/.cache/sketch/core/core.a(zephyrSerial.cpp.o)
                0x0000000000004494                arduino::ZephyrSerial::IrqDispatch(device const*, void*)
 .text._ZN7arduino12ZephyrSerial18ZephyrSerialBufferILi64EEC2Ev
                0x00000000000044a0       0x28 /home/arduino/ArduinoApps/weather-unoq-coding-challenge/.cache/sketch/core/core.a(zephyrSerial.cpp.o)
                0x00000000000044a0                arduino::ZephyrSerial::ZephyrSerialBuffer<64>::ZephyrSerialBuffer()
                0x00000000000044a0                arduino::ZephyrSerial::ZephyrSerialBuffer<64>::ZephyrSerialBuffer()
 .text._GLOBAL__sub_I__ZN7arduino12ZephyrSerial5beginEmt
                0x00000000000044c8       0x5c /home/arduino/ArduinoApps/weather-unoq-coding-challenge/.cache/sketch/core/core.a(zephyrSerial.cpp.o)
 *(.text.*)
 *(.text._*)
 *(.init)
 *(.ctors)
 *(.dtors)
 *(.fini)

.static_thread_data_area
                0x0000000000004524        0x0
                0x0000000000004524                __static_thread_data_list_start = .
 *(.static_thread_data_area SORT_BY_NAME(.__static_thread_data.*))
                0x0000000000004524                __static_thread_data_list_end = .

.rodata         0x0000000000004524      0x328
 *(.rodata)
 *(.rodata1)
 *(.rodata.*)
 .rodata._ZN8RpcErrorC2Ev.str1.1
                0x0000000000004524        0x1 /home/arduino/ArduinoApps/weather-unoq-coding-challenge/.cache/sketch/sketch/sketch.ino.cpp.o
 .rodata._ZNSt6vectorIjSaIjEE17_M_realloc_insertIJRjEEEvN9__gnu_cxx17__normal_iteratorIPjS1_EEDpOT_.str1.1
                0x0000000000004525       0x1a /home/arduino/ArduinoApps/weather-unoq-coding-challenge/.cache/sketch/sketch/sketch.ino.cpp.o
 .rodata._ZN10RpcDecoderILj1024EE12get_responseIN7arduino7msgpack6object5nil_tEEEbjRT_R8RpcError.str1.1
                0x000000000000453f       0x7b /home/arduino/ArduinoApps/weather-unoq-coding-challenge/.cache/sketch/sketch/sketch.ino.cpp.o
 .rodata._ZN7arduino7msgpack6object3extC2EaPKhj.str1.1
                0x00000000000045ba       0x28 /home/arduino/ArduinoApps/weather-unoq-coding-challenge/.cache/sketch/sketch/sketch.ino.cpp.o
 .rodata._ZN11BridgeClass11update_safeEv.str1.1
                0x00000000000045e2        0x9 /home/arduino/ArduinoApps/weather-unoq-coding-challenge/.cache/sketch/sketch/sketch.ino.cpp.o
 .rodata.setup.str1.1
                0x00000000000045eb        0x8 /home/arduino/ArduinoApps/weather-unoq-coding-challenge/.cache/sketch/sketch/sketch.ino.cpp.o
 .rodata.loop.str1.1
                0x00000000000045f3       0x34 /home/arduino/ArduinoApps/weather-unoq-coding-challenge/.cache/sketch/sketch/sketch.ino.cpp.o
 .rodata._ZN13BridgeMonitorILj512EE5writeEPKhj.str1.1
                0x0000000000004627        0xa /home/arduino/ArduinoApps/weather-unoq-coding-challenge/.cache/sketch/sketch/sketch.ino.cpp.o
 .rodata._ZN13BridgeMonitorILj512EE5_readEj.str1.1
                0x0000000000004631        0x9 /home/arduino/ArduinoApps/weather-unoq-coding-challenge/.cache/sketch/sketch/sketch.ino.cpp.o
 .rodata._GLOBAL__sub_I_Bridge.str1.1
                0x000000000000463a        0x6 /home/arduino/ArduinoApps/weather-unoq-coding-challenge/.cache/sketch/sketch/sketch.ino.cpp.o
 .rodata._ZTV15SerialTransport
                0x0000000000004640       0x20 /home/arduino/ArduinoApps/weather-unoq-coding-challenge/.cache/sketch/sketch/sketch.ino.cpp.o
                0x0000000000004640                vtable for SerialTransport
 .rodata._ZTV13BridgeMonitorILj512EE
                0x0000000000004660       0x24 /home/arduino/ArduinoApps/weather-unoq-coding-challenge/.cache/sketch/sketch/sketch.ino.cpp.o
                0x0000000000004660                vtable for BridgeMonitor<512u>
 .rodata._ZL5foggy
                0x0000000000004684       0x3c /home/arduino/ArduinoApps/weather-unoq-coding-challenge/.cache/sketch/sketch/sketch.ino.cpp.o
 .rodata._ZL5snowy
                0x00000000000046c0       0x3c /home/arduino/ArduinoApps/weather-unoq-coding-challenge/.cache/sketch/sketch/sketch.ino.cpp.o
 .rodata._ZL5rainy
                0x00000000000046fc       0x3c /home/arduino/ArduinoApps/weather-unoq-coding-challenge/.cache/sketch/sketch/sketch.ino.cpp.o
 .rodata._ZL6cloudy
                0x0000000000004738       0x50 /home/arduino/ArduinoApps/weather-unoq-coding-challenge/.cache/sketch/sketch/sketch.ino.cpp.o
 .rodata._ZL5sunny
                0x0000000000004788       0x3c /home/arduino/ArduinoApps/weather-unoq-coding-challenge/.cache/sketch/sketch/sketch.ino.cpp.o
 .rodata.str1.1
                0x00000000000047c4       0x51 /home/arduino/ArduinoApps/weather-unoq-coding-challenge/.cache/sketch/core/core.a(main.cpp.o)
 *fill*         0x0000000000004815        0x3 
 .rodata._ZTVN7arduino12ZephyrSerialE
                0x0000000000004818       0x34 /home/arduino/ArduinoApps/weather-unoq-coding-challenge/.cache/sketch/core/core.a(zephyrSerial.cpp.o)
                0x0000000000004818                vtable for arduino::ZephyrSerial

.data
 *(.data .data.*)

.bss            0x0000000000004850     0x128c
 *(.bss .bss.* COMMON)
 .bss._ZN17RpcDecoderManagerILj3EE14decoders_countE
                0x0000000000004850        0x4 /home/arduino/ArduinoApps/weather-unoq-coding-challenge/.cache/sketch/sketch/sketch.ino.cpp.o
                0x0000000000004850                RpcDecoderManager<3u>::decoders_count
 .bss._ZGVN17RpcDecoderManagerILj3EE9decoders_E
                0x0000000000004854        0x4 /home/arduino/ArduinoApps/weather-unoq-coding-challenge/.cache/sketch/sketch/sketch.ino.cpp.o
                0x0000000000004854                guard variable for RpcDecoderManager<3u>::decoders_
 .bss._ZN17RpcDecoderManagerILj3EE9decoders_E
                0x0000000000004858      0xc60 /home/arduino/ArduinoApps/weather-unoq-coding-challenge/.cache/sketch/sketch/sketch.ino.cpp.o
                0x0000000000004858                RpcDecoderManager<3u>::decoders_
 .bss._ZGVZN7arduino7msgpack8Unpacker10from_arrayIJRiRNS_6StringEEEEbDpOT_E2sz
                0x00000000000054b8        0x4 /home/arduino/ArduinoApps/weather-unoq-coding-challenge/.cache/sketch/sketch/sketch.ino.cpp.o
                0x00000000000054b8                guard variable for arduino::msgpack::Unpacker::from_array<int&, arduino::String&>(int&, arduino::String&)::sz
 .bss._ZZN7arduino7msgpack8Unpacker10from_arrayIJRiRNS_6StringEEEEbDpOT_E2sz
                0x00000000000054bc        0x4 /home/arduino/ArduinoApps/weather-unoq-coding-challenge/.cache/sketch/sketch/sketch.ino.cpp.o
                0x00000000000054bc                arduino::msgpack::Unpacker::from_array<int&, arduino::String&>(int&, arduino::String&)::sz
 .bss.city      0x00000000000054c0        0xc /home/arduino/ArduinoApps/weather-unoq-coding-challenge/.cache/sketch/sketch/sketch.ino.cpp.o
                0x00000000000054c0                city
 .bss.matrix    0x00000000000054cc       0x28 /home/arduino/ArduinoApps/weather-unoq-coding-challenge/.cache/sketch/sketch/sketch.ino.cpp.o
                0x00000000000054cc                matrix
 .bss._ZN12RouterBridge3HCIE
                0x00000000000054f4       0x28 /home/arduino/ArduinoApps/weather-unoq-coding-challenge/.cache/sketch/sketch/sketch.ino.cpp.o
                0x00000000000054f4                RouterBridge::HCI
 .bss.Monitor   0x000000000000551c      0x238 /home/arduino/ArduinoApps/weather-unoq-coding-challenge/.cache/sketch/sketch/sketch.ino.cpp.o
                0x000000000000551c                Monitor
 *fill*         0x0000000000005754        0x4 
 .bss.Bridge    0x0000000000005758      0x150 /home/arduino/ArduinoApps/weather-unoq-coding-challenge/.cache/sketch/sketch/sketch.ino.cpp.o
                0x0000000000005758                Bridge
 .bss._ZZN8RpcUtils6detail12unpackObjectERN7arduino7msgpack8UnpackerEE1t
                0x00000000000058a8       0x10 /home/arduino/ArduinoApps/weather-unoq-coding-challenge/.cache/sketch/sketch/sketch.ino.cpp.o
                0x00000000000058a8                RpcUtils::detail::unpackObject(arduino::msgpack::Unpacker&)::t
 .bss._ZGVZN8RpcUtils6detail12unpackObjectERN7arduino7msgpack8UnpackerEE1e
                0x00000000000058b8        0x4 /home/arduino/ArduinoApps/weather-unoq-coding-challenge/.cache/sketch/sketch/sketch.ino.cpp.o
                0x00000000000058b8                guard variable for RpcUtils::detail::unpackObject(arduino::msgpack::Unpacker&)::e
 .bss._ZZN8RpcUtils6detail12unpackObjectERN7arduino7msgpack8UnpackerEE1e
                0x00000000000058bc        0xc /home/arduino/ArduinoApps/weather-unoq-coding-challenge/.cache/sketch/sketch/sketch.ino.cpp.o
                0x00000000000058bc                RpcUtils::detail::unpackObject(arduino::msgpack::Unpacker&)::e
 .bss._ZZN8RpcUtils6detail12unpackObjectERN7arduino7msgpack8UnpackerEE6map_sz
                0x00000000000058c8        0x4 /home/arduino/ArduinoApps/weather-unoq-coding-challenge/.cache/sketch/sketch/sketch.ino.cpp.o
                0x00000000000058c8                RpcUtils::detail::unpackObject(arduino::msgpack::Unpacker&)::map_sz
 .bss._ZZN8RpcUtils6detail12unpackObjectERN7arduino7msgpack8UnpackerEE6arr_sz
                0x00000000000058cc        0x4 /home/arduino/ArduinoApps/weather-unoq-coding-challenge/.cache/sketch/sketch/sketch.ino.cpp.o
                0x00000000000058cc                RpcUtils::detail::unpackObject(arduino::msgpack::Unpacker&)::arr_sz
 .bss._ZGVZN8RpcUtils6detail12unpackObjectERN7arduino7msgpack8UnpackerEE5bytes
                0x00000000000058d0        0x4 /home/arduino/ArduinoApps/weather-unoq-coding-challenge/.cache/sketch/sketch/sketch.ino.cpp.o
                0x00000000000058d0                guard variable for RpcUtils::detail::unpackObject(arduino::msgpack::Unpacker&)::bytes
 .bss._ZZN8RpcUtils6detail12unpackObjectERN7arduino7msgpack8UnpackerEE5bytes
                0x00000000000058d4        0xc /home/arduino/ArduinoApps/weather-unoq-coding-challenge/.cache/sketch/sketch/sketch.ino.cpp.o
                0x00000000000058d4                RpcUtils::detail::unpackObject(arduino::msgpack::Unpacker&)::bytes
 .bss._ZGVZN8RpcUtils6detail12unpackObjectERN7arduino7msgpack8UnpackerEE6string
                0x00000000000058e0        0x4 /home/arduino/ArduinoApps/weather-unoq-coding-challenge/.cache/sketch/sketch/sketch.ino.cpp.o
                0x00000000000058e0                guard variable for RpcUtils::detail::unpackObject(arduino::msgpack::Unpacker&)::string
 .bss._ZZN8RpcUtils6detail12unpackObjectERN7arduino7msgpack8UnpackerEE6string
                0x00000000000058e4        0xc /home/arduino/ArduinoApps/weather-unoq-coding-challenge/.cache/sketch/sketch/sketch.ino.cpp.o
                0x00000000000058e4                RpcUtils::detail::unpackObject(arduino::msgpack::Unpacker&)::string
 .bss._ZZN8RpcUtils6detail12unpackObjectERN7arduino7msgpack8UnpackerEE5num64
                0x00000000000058f0        0x8 /home/arduino/ArduinoApps/weather-unoq-coding-challenge/.cache/sketch/sketch/sketch.ino.cpp.o
                0x00000000000058f0                RpcUtils::detail::unpackObject(arduino::msgpack::Unpacker&)::num64
 .bss._ZZN8RpcUtils6detail12unpackObjectERN7arduino7msgpack8UnpackerEE5num32
                0x00000000000058f8        0x4 /home/arduino/ArduinoApps/weather-unoq-coding-challenge/.cache/sketch/sketch/sketch.ino.cpp.o
                0x00000000000058f8                RpcUtils::detail::unpackObject(arduino::msgpack::Unpacker&)::num32
 .bss._ZZN8RpcUtils6detail12unpackObjectERN7arduino7msgpack8UnpackerEE7integer
                0x00000000000058fc        0x4 /home/arduino/ArduinoApps/weather-unoq-coding-challenge/.cache/sketch/sketch/sketch.ino.cpp.o
                0x00000000000058fc                RpcUtils::detail::unpackObject(arduino::msgpack::Unpacker&)::integer
 .bss._ZZN8RpcUtils6detail12unpackObjectERN7arduino7msgpack8UnpackerEE1b
                0x0000000000005900        0x1 /home/arduino/ArduinoApps/weather-unoq-coding-challenge/.cache/sketch/sketch/sketch.ino.cpp.o
                0x0000000000005900                RpcUtils::detail::unpackObject(arduino::msgpack::Unpacker&)::b
 .bss._ZZN8RpcUtils6detail12unpackObjectERN7arduino7msgpack8UnpackerEE3nil
                0x0000000000005901        0x1 /home/arduino/ArduinoApps/weather-unoq-coding-challenge/.cache/sketch/sketch/sketch.ino.cpp.o
                0x0000000000005901                RpcUtils::detail::unpackObject(arduino::msgpack::Unpacker&)::nil
 *fill*         0x0000000000005902        0x2 
 .bss.Serial1   0x0000000000005904       0xec /home/arduino/ArduinoApps/weather-unoq-coding-challenge/.cache/sketch/core/core.a(zephyrSerial.cpp.o)
                0x0000000000005904                Serial1
 .bss.Serial    0x00000000000059f0       0xec /home/arduino/ArduinoApps/weather-unoq-coding-challenge/.cache/sketch/core/core.a(zephyrSerial.cpp.o)
                0x00000000000059f0                Serial
 *(.noinit .noinit.*)

.exported_sym   0x0000000000005adc        0x8
 *(.exported_sym)
 .exported_sym  0x0000000000005adc        0x8 /home/arduino/ArduinoApps/weather-unoq-coding-challenge/.cache/sketch/core/core.a(main.cpp.o)
 *(.exported_sym.*)

.init_array     0x0000000000005ae4        0x8
 *(.init_array)
 .init_array    0x0000000000005ae4        0x4 /home/arduino/ArduinoApps/weather-unoq-coding-challenge/.cache/sketch/sketch/sketch.ino.cpp.o
 .init_array    0x0000000000005ae8        0x4 /home/arduino/ArduinoApps/weather-unoq-coding-challenge/.cache/sketch/core/core.a(zephyrSerial.cpp.o)

.fini_array     0x0000000000005aec        0x4
 *(.fini_array)
 .fini_array    0x0000000000005aec        0x4 /home/arduino/ArduinoApps/weather-unoq-coding-challenge/.cache/sketch/sketch/sketch.ino.cpp.o

.symtab
 *(.symtab)

.strtab
 *(.strtab)

.shstrtab
 *(.shstrtab)

.rel
 *(.rel .rel.*)

.got
 *(.got .got.* .got.plt .got.plt*)
OUTPUT(/home/arduino/ArduinoApps/weather-unoq-coding-challenge/.cache/sketch/sketch.ino_debug.elf elf32-littlearm)
LOAD linker stubs

.debug_info     0x0000000000000000    0x3ff67
 .debug_info    0x0000000000000000    0x2cf4b /home/arduino/ArduinoApps/weather-unoq-coding-challenge/.cache/sketch/sketch/sketch.ino.cpp.o
 .debug_info    0x000000000002cf4b      0x1de /home/arduino/ArduinoApps/weather-unoq-coding-challenge/.cache/sketch/core/core.a(abi.cpp.o)
 .debug_info    0x000000000002d129     0x1f74 /home/arduino/ArduinoApps/weather-unoq-coding-challenge/.cache/sketch/core/core.a(Stream.cpp.o)
 .debug_info    0x000000000002f09d     0x3e0c /home/arduino/ArduinoApps/weather-unoq-coding-challenge/.cache/sketch/core/core.a(String.cpp.o)
 .debug_info    0x0000000000032ea9     0x1e2b /home/arduino/ArduinoApps/weather-unoq-coding-challenge/.cache/sketch/core/core.a(main.cpp.o)
 .debug_info    0x0000000000034cd4      0x7af /home/arduino/ArduinoApps/weather-unoq-coding-challenge/.cache/sketch/core/core.a(new.cpp.o)
 .debug_info    0x0000000000035483     0x1f7a /home/arduino/ArduinoApps/weather-unoq-coding-challenge/.cache/sketch/core/core.a(threads.cpp.o)
 .debug_info    0x00000000000373fd     0x5263 /home/arduino/ArduinoApps/weather-unoq-coding-challenge/.cache/sketch/core/core.a(zephyrCommon.cpp.o)
 .debug_info    0x000000000003c660     0x3907 /home/arduino/ArduinoApps/weather-unoq-coding-challenge/.cache/sketch/core/core.a(zephyrSerial.cpp.o)

.debug_abbrev   0x0000000000000000     0x4058
 .debug_abbrev  0x0000000000000000     0x1435 /home/arduino/ArduinoApps/weather-unoq-coding-challenge/.cache/sketch/sketch/sketch.ino.cpp.o
 .debug_abbrev  0x0000000000001435      0x154 /home/arduino/ArduinoApps/weather-unoq-coding-challenge/.cache/sketch/core/core.a(abi.cpp.o)
 .debug_abbrev  0x0000000000001589      0x500 /home/arduino/ArduinoApps/weather-unoq-coding-challenge/.cache/sketch/core/core.a(Stream.cpp.o)
 .debug_abbrev  0x0000000000001a89      0x5d4 /home/arduino/ArduinoApps/weather-unoq-coding-challenge/.cache/sketch/core/core.a(String.cpp.o)
 .debug_abbrev  0x000000000000205d      0x538 /home/arduino/ArduinoApps/weather-unoq-coding-challenge/.cache/sketch/core/core.a(main.cpp.o)
 .debug_abbrev  0x0000000000002595      0x234 /home/arduino/ArduinoApps/weather-unoq-coding-challenge/.cache/sketch/core/core.a(new.cpp.o)
 .debug_abbrev  0x00000000000027c9      0x4d6 /home/arduino/ArduinoApps/weather-unoq-coding-challenge/.cache/sketch/core/core.a(threads.cpp.o)
 .debug_abbrev  0x0000000000002c9f      0xa92 /home/arduino/ArduinoApps/weather-unoq-coding-challenge/.cache/sketch/core/core.a(zephyrCommon.cpp.o)
 .debug_abbrev  0x0000000000003731      0x927 /home/arduino/ArduinoApps/weather-unoq-coding-challenge/.cache/sketch/core/core.a(zephyrSerial.cpp.o)

.debug_loclists
                0x0000000000000000     0xd319
 .debug_loclists
                0x0000000000000000     0x93e0 /home/arduino/ArduinoApps/weather-unoq-coding-challenge/.cache/sketch/sketch/sketch.ino.cpp.o
 .debug_loclists
                0x00000000000093e0       0x88 /home/arduino/ArduinoApps/weather-unoq-coding-challenge/.cache/sketch/core/core.a(abi.cpp.o)
 .debug_loclists
                0x0000000000009468      0x883 /home/arduino/ArduinoApps/weather-unoq-coding-challenge/.cache/sketch/core/core.a(Stream.cpp.o)
 .debug_loclists
                0x0000000000009ceb     0x1943 /home/arduino/ArduinoApps/weather-unoq-coding-challenge/.cache/sketch/core/core.a(String.cpp.o)
 .debug_loclists
                0x000000000000b62e       0x72 /home/arduino/ArduinoApps/weather-unoq-coding-challenge/.cache/sketch/core/core.a(main.cpp.o)
 .debug_loclists
                0x000000000000b6a0      0x2bc /home/arduino/ArduinoApps/weather-unoq-coding-challenge/.cache/sketch/core/core.a(new.cpp.o)
 .debug_loclists
                0x000000000000b95c       0xd1 /home/arduino/ArduinoApps/weather-unoq-coding-challenge/.cache/sketch/core/core.a(threads.cpp.o)
 .debug_loclists
                0x000000000000ba2d     0x1163 /home/arduino/ArduinoApps/weather-unoq-coding-challenge/.cache/sketch/core/core.a(zephyrCommon.cpp.o)
 .debug_loclists
                0x000000000000cb90      0x789 /home/arduino/ArduinoApps/weather-unoq-coding-challenge/.cache/sketch/core/core.a(zephyrSerial.cpp.o)

.debug_aranges  0x0000000000000000      0xaf8
 .debug_aranges
                0x0000000000000000      0x470 /home/arduino/ArduinoApps/weather-unoq-coding-challenge/.cache/sketch/sketch/sketch.ino.cpp.o
 .debug_aranges
                0x0000000000000470       0x58 /home/arduino/ArduinoApps/weather-unoq-coding-challenge/.cache/sketch/core/core.a(abi.cpp.o)
 .debug_aranges
                0x00000000000004c8       0x90 /home/arduino/ArduinoApps/weather-unoq-coding-challenge/.cache/sketch/core/core.a(Stream.cpp.o)
 .debug_aranges
                0x0000000000000558      0x298 /home/arduino/ArduinoApps/weather-unoq-coding-challenge/.cache/sketch/core/core.a(String.cpp.o)
 .debug_aranges
                0x00000000000007f0       0x38 /home/arduino/ArduinoApps/weather-unoq-coding-challenge/.cache/sketch/core/core.a(main.cpp.o)
 .debug_aranges
                0x0000000000000828       0xb0 /home/arduino/ArduinoApps/weather-unoq-coding-challenge/.cache/sketch/core/core.a(new.cpp.o)
 .debug_aranges
                0x00000000000008d8       0x20 /home/arduino/ArduinoApps/weather-unoq-coding-challenge/.cache/sketch/core/core.a(threads.cpp.o)
 .debug_aranges
                0x00000000000008f8      0x140 /home/arduino/ArduinoApps/weather-unoq-coding-challenge/.cache/sketch/core/core.a(zephyrCommon.cpp.o)
 .debug_aranges
                0x0000000000000a38       0xc0 /home/arduino/ArduinoApps/weather-unoq-coding-challenge/.cache/sketch/core/core.a(zephyrSerial.cpp.o)

.debug_rnglists
                0x0000000000000000     0x1f36
 .debug_rnglists
                0x0000000000000000     0x1500 /home/arduino/ArduinoApps/weather-unoq-coding-challenge/.cache/sketch/sketch/sketch.ino.cpp.o
 .debug_rnglists
                0x0000000000001500       0x3d /home/arduino/ArduinoApps/weather-unoq-coding-challenge/.cache/sketch/core/core.a(abi.cpp.o)
 .debug_rnglists
                0x000000000000153d      0x103 /home/arduino/ArduinoApps/weather-unoq-coding-challenge/.cache/sketch/core/core.a(Stream.cpp.o)
 .debug_rnglists
                0x0000000000001640      0x375 /home/arduino/ArduinoApps/weather-unoq-coding-challenge/.cache/sketch/core/core.a(String.cpp.o)
 .debug_rnglists
                0x00000000000019b5       0x33 /home/arduino/ArduinoApps/weather-unoq-coding-challenge/.cache/sketch/core/core.a(main.cpp.o)
 .debug_rnglists
                0x00000000000019e8       0x7f /home/arduino/ArduinoApps/weather-unoq-coding-challenge/.cache/sketch/core/core.a(new.cpp.o)
 .debug_rnglists
                0x0000000000001a67       0x46 /home/arduino/ArduinoApps/weather-unoq-coding-challenge/.cache/sketch/core/core.a(threads.cpp.o)
 .debug_rnglists
                0x0000000000001aad      0x2c7 /home/arduino/ArduinoApps/weather-unoq-coding-challenge/.cache/sketch/core/core.a(zephyrCommon.cpp.o)
 .debug_rnglists
                0x0000000000001d74      0x1c2 /home/arduino/ArduinoApps/weather-unoq-coding-challenge/.cache/sketch/core/core.a(zephyrSerial.cpp.o)

.debug_line     0x0000000000000000     0xe24c
 .debug_line    0x0000000000000000     0x808c /home/arduino/ArduinoApps/weather-unoq-coding-challenge/.cache/sketch/sketch/sketch.ino.cpp.o
 .debug_line    0x000000000000808c      0x138 /home/arduino/ArduinoApps/weather-unoq-coding-challenge/.cache/sketch/core/core.a(abi.cpp.o)
 .debug_line    0x00000000000081c4      0x8d4 /home/arduino/ArduinoApps/weather-unoq-coding-challenge/.cache/sketch/core/core.a(Stream.cpp.o)
 .debug_line    0x0000000000008a98     0x1a12 /home/arduino/ArduinoApps/weather-unoq-coding-challenge/.cache/sketch/core/core.a(String.cpp.o)
 .debug_line    0x000000000000a4aa      0x83b /home/arduino/ArduinoApps/weather-unoq-coding-challenge/.cache/sketch/core/core.a(main.cpp.o)
 .debug_line    0x000000000000ace5      0x36b /home/arduino/ArduinoApps/weather-unoq-coding-challenge/.cache/sketch/core/core.a(new.cpp.o)
 .debug_line    0x000000000000b050      0x870 /home/arduino/ArduinoApps/weather-unoq-coding-challenge/.cache/sketch/core/core.a(threads.cpp.o)
 .debug_line    0x000000000000b8c0     0x1a0d /home/arduino/ArduinoApps/weather-unoq-coding-challenge/.cache/sketch/core/core.a(zephyrCommon.cpp.o)
 .debug_line    0x000000000000d2cd      0xf7f /home/arduino/ArduinoApps/weather-unoq-coding-challenge/.cache/sketch/core/core.a(zephyrSerial.cpp.o)

.debug_str      0x0000000000000000    0x2bf06
 .debug_str     0x0000000000000000    0x1f102 /home/arduino/ArduinoApps/weather-unoq-coding-challenge/.cache/sketch/sketch/sketch.ino.cpp.o
 .debug_str     0x000000000001f102      0x40d /home/arduino/ArduinoApps/weather-unoq-coding-challenge/.cache/sketch/core/core.a(abi.cpp.o)
 .debug_str     0x000000000001f50f     0x167e /home/arduino/ArduinoApps/weather-unoq-coding-challenge/.cache/sketch/core/core.a(Stream.cpp.o)
 .debug_str     0x0000000000020b8d     0x1828 /home/arduino/ArduinoApps/weather-unoq-coding-challenge/.cache/sketch/core/core.a(String.cpp.o)
 .debug_str     0x00000000000223b5     0x1fdf /home/arduino/ArduinoApps/weather-unoq-coding-challenge/.cache/sketch/core/core.a(main.cpp.o)
 .debug_str     0x0000000000024394      0x4d7 /home/arduino/ArduinoApps/weather-unoq-coding-challenge/.cache/sketch/core/core.a(new.cpp.o)
 .debug_str     0x000000000002486b     0x1c17 /home/arduino/ArduinoApps/weather-unoq-coding-challenge/.cache/sketch/core/core.a(threads.cpp.o)
 .debug_str     0x0000000000026482     0x3034 /home/arduino/ArduinoApps/weather-unoq-coding-challenge/.cache/sketch/core/core.a(zephyrCommon.cpp.o)
 .debug_str     0x00000000000294b6     0x2a50 /home/arduino/ArduinoApps/weather-unoq-coding-challenge/.cache/sketch/core/core.a(zephyrSerial.cpp.o)

.debug_frame    0x0000000000000000     0x2310
 .debug_frame   0x0000000000000000     0x10c8 /home/arduino/ArduinoApps/weather-unoq-coding-challenge/.cache/sketch/sketch/sketch.ino.cpp.o
 .debug_frame   0x00000000000010c8       0x90 /home/arduino/ArduinoApps/weather-unoq-coding-challenge/.cache/sketch/core/core.a(abi.cpp.o)
 .debug_frame   0x0000000000001158      0x1fc /home/arduino/ArduinoApps/weather-unoq-coding-challenge/.cache/sketch/core/core.a(Stream.cpp.o)
 .debug_frame   0x0000000000001354      0x7e8 /home/arduino/ArduinoApps/weather-unoq-coding-challenge/.cache/sketch/core/core.a(String.cpp.o)
 .debug_frame   0x0000000000001b3c       0x68 /home/arduino/ArduinoApps/weather-unoq-coding-challenge/.cache/sketch/core/core.a(main.cpp.o)
 .debug_frame   0x0000000000001ba4      0x140 /home/arduino/ArduinoApps/weather-unoq-coding-challenge/.cache/sketch/core/core.a(new.cpp.o)
 .debug_frame   0x0000000000001ce4       0x40 /home/arduino/ArduinoApps/weather-unoq-coding-challenge/.cache/sketch/core/core.a(threads.cpp.o)
 .debug_frame   0x0000000000001d24      0x3dc /home/arduino/ArduinoApps/weather-unoq-coding-challenge/.cache/sketch/core/core.a(zephyrCommon.cpp.o)
 .debug_frame   0x0000000000002100      0x210 /home/arduino/ArduinoApps/weather-unoq-coding-challenge/.cache/sketch/core/core.a(zephyrSerial.cpp.o)
